Component: ARM Compiler 5.06 update 4 (build 422) Tool: armlink [4d35d2]

==============================================================================

Section Cross References

    stm32f4xx_hal_pcd.o(i.HAL_PCD_DeInit) refers to stm32f4xx_hal_pcd.o(i.HAL_PCD_Stop) for HAL_PCD_Stop
    stm32f4xx_hal_pcd.o(i.HAL_PCD_DeInit) refers to usbd_conf.o(i.HAL_PCD_MspDeInit) for HAL_PCD_MspDeInit
    stm32f4xx_hal_pcd.o(i.HAL_PCD_DevConnect) refers to stm32f4xx_ll_usb.o(i.USB_DevConnect) for USB_DevConnect
    stm32f4xx_hal_pcd.o(i.HAL_PCD_DevDisconnect) refers to stm32f4xx_ll_usb.o(i.USB_DevDisconnect) for USB_DevDisconnect
    stm32f4xx_hal_pcd.o(i.HAL_PCD_EP_Close) refers to stm32f4xx_ll_usb.o(i.USB_DeactivateEndpoint) for USB_DeactivateEndpoint
    stm32f4xx_hal_pcd.o(i.HAL_PCD_EP_ClrStall) refers to stm32f4xx_ll_usb.o(i.USB_EPClearStall) for USB_EPClearStall
    stm32f4xx_hal_pcd.o(i.HAL_PCD_EP_Flush) refers to stm32f4xx_ll_usb.o(i.USB_FlushTxFifo) for USB_FlushTxFifo
    stm32f4xx_hal_pcd.o(i.HAL_PCD_EP_Flush) refers to stm32f4xx_ll_usb.o(i.USB_FlushRxFifo) for USB_FlushRxFifo
    stm32f4xx_hal_pcd.o(i.HAL_PCD_EP_Open) refers to stm32f4xx_ll_usb.o(i.USB_ActivateEndpoint) for USB_ActivateEndpoint
    stm32f4xx_hal_pcd.o(i.HAL_PCD_EP_Receive) refers to stm32f4xx_ll_usb.o(i.USB_EPStartXfer) for USB_EPStartXfer
    stm32f4xx_hal_pcd.o(i.HAL_PCD_EP_Receive) refers to stm32f4xx_ll_usb.o(i.USB_EP0StartXfer) for USB_EP0StartXfer
    stm32f4xx_hal_pcd.o(i.HAL_PCD_EP_SetStall) refers to stm32f4xx_ll_usb.o(i.USB_EPSetStall) for USB_EPSetStall
    stm32f4xx_hal_pcd.o(i.HAL_PCD_EP_SetStall) refers to stm32f4xx_ll_usb.o(i.USB_EP0_OutStart) for USB_EP0_OutStart
    stm32f4xx_hal_pcd.o(i.HAL_PCD_EP_Transmit) refers to stm32f4xx_ll_usb.o(i.USB_EPStartXfer) for USB_EPStartXfer
    stm32f4xx_hal_pcd.o(i.HAL_PCD_EP_Transmit) refers to stm32f4xx_ll_usb.o(i.USB_EP0StartXfer) for USB_EP0StartXfer
    stm32f4xx_hal_pcd.o(i.HAL_PCD_IRQHandler) refers to stm32f4xx_ll_usb.o(i.USB_GetMode) for USB_GetMode
    stm32f4xx_hal_pcd.o(i.HAL_PCD_IRQHandler) refers to stm32f4xx_ll_usb.o(i.USB_ReadInterrupts) for USB_ReadInterrupts
    stm32f4xx_hal_pcd.o(i.HAL_PCD_IRQHandler) refers to stm32f4xx_ll_usb.o(i.USB_ReadDevAllOutEpInterrupt) for USB_ReadDevAllOutEpInterrupt
    stm32f4xx_hal_pcd.o(i.HAL_PCD_IRQHandler) refers to stm32f4xx_ll_usb.o(i.USB_ReadDevOutEPInterrupt) for USB_ReadDevOutEPInterrupt
    stm32f4xx_hal_pcd.o(i.HAL_PCD_IRQHandler) refers to usbd_conf.o(i.HAL_PCD_DataOutStageCallback) for HAL_PCD_DataOutStageCallback
    stm32f4xx_hal_pcd.o(i.HAL_PCD_IRQHandler) refers to stm32f4xx_ll_usb.o(i.USB_EP0_OutStart) for USB_EP0_OutStart
    stm32f4xx_hal_pcd.o(i.HAL_PCD_IRQHandler) refers to usbd_conf.o(i.HAL_PCD_SetupStageCallback) for HAL_PCD_SetupStageCallback
    stm32f4xx_hal_pcd.o(i.HAL_PCD_IRQHandler) refers to stm32f4xx_ll_usb.o(i.USB_ReadDevAllInEpInterrupt) for USB_ReadDevAllInEpInterrupt
    stm32f4xx_hal_pcd.o(i.HAL_PCD_IRQHandler) refers to stm32f4xx_ll_usb.o(i.USB_ReadDevInEPInterrupt) for USB_ReadDevInEPInterrupt
    stm32f4xx_hal_pcd.o(i.HAL_PCD_IRQHandler) refers to usbd_conf.o(i.HAL_PCD_DataInStageCallback) for HAL_PCD_DataInStageCallback
    stm32f4xx_hal_pcd.o(i.HAL_PCD_IRQHandler) refers to stm32f4xx_hal_pcd.o(i.PCD_WriteEmptyTxFifo) for PCD_WriteEmptyTxFifo
    stm32f4xx_hal_pcd.o(i.HAL_PCD_IRQHandler) refers to usbd_conf.o(i.HAL_PCD_ResumeCallback) for HAL_PCD_ResumeCallback
    stm32f4xx_hal_pcd.o(i.HAL_PCD_IRQHandler) refers to usbd_conf.o(i.HAL_PCD_SuspendCallback) for HAL_PCD_SuspendCallback
    stm32f4xx_hal_pcd.o(i.HAL_PCD_IRQHandler) refers to stm32f4xx_ll_usb.o(i.USB_FlushTxFifo) for USB_FlushTxFifo
    stm32f4xx_hal_pcd.o(i.HAL_PCD_IRQHandler) refers to stm32f4xx_ll_usb.o(i.USB_ActivateSetup) for USB_ActivateSetup
    stm32f4xx_hal_pcd.o(i.HAL_PCD_IRQHandler) refers to stm32f4xx_ll_usb.o(i.USB_GetDevSpeed) for USB_GetDevSpeed
    stm32f4xx_hal_pcd.o(i.HAL_PCD_IRQHandler) refers to stm32f4xx_hal_rcc.o(i.HAL_RCC_GetHCLKFreq) for HAL_RCC_GetHCLKFreq
    stm32f4xx_hal_pcd.o(i.HAL_PCD_IRQHandler) refers to usbd_conf.o(i.HAL_PCD_ResetCallback) for HAL_PCD_ResetCallback
    stm32f4xx_hal_pcd.o(i.HAL_PCD_IRQHandler) refers to stm32f4xx_ll_usb.o(i.USB_ReadPacket) for USB_ReadPacket
    stm32f4xx_hal_pcd.o(i.HAL_PCD_IRQHandler) refers to usbd_conf.o(i.HAL_PCD_SOFCallback) for HAL_PCD_SOFCallback
    stm32f4xx_hal_pcd.o(i.HAL_PCD_IRQHandler) refers to usbd_conf.o(i.HAL_PCD_ISOINIncompleteCallback) for HAL_PCD_ISOINIncompleteCallback
    stm32f4xx_hal_pcd.o(i.HAL_PCD_IRQHandler) refers to usbd_conf.o(i.HAL_PCD_ISOOUTIncompleteCallback) for HAL_PCD_ISOOUTIncompleteCallback
    stm32f4xx_hal_pcd.o(i.HAL_PCD_IRQHandler) refers to usbd_conf.o(i.HAL_PCD_ConnectCallback) for HAL_PCD_ConnectCallback
    stm32f4xx_hal_pcd.o(i.HAL_PCD_IRQHandler) refers to usbd_conf.o(i.HAL_PCD_DisconnectCallback) for HAL_PCD_DisconnectCallback
[...]
    i._ZN14rosserial_msgs9TopicInfo7getTypeEv 0x08003818   Section        0  main.o(i._ZN14rosserial_msgs9TopicInfo7getTypeEv)
    i._ZN3ros16normalizeSecNSecERjS0_        0x08003820   Section        0  time.o(i._ZN3ros16normalizeSecNSecERjS0_)
    i._ZN8std_msgs4Time11deserializeEPh      0x08003840   Section        0  main.o(i._ZN8std_msgs4Time11deserializeEPh)
    i._ZN8std_msgs4Time6getMD5Ev             0x08003880   Section        0  main.o(i._ZN8std_msgs4Time6getMD5Ev)
    i._ZN8std_msgs4Time7getTypeEv            0x08003888   Section        0  main.o(i._ZN8std_msgs4Time7getTypeEv)
    i._ZN8std_msgs4TimeC1Ev                  0x08003890   Section        0  main.o(i._ZN8std_msgs4TimeC1Ev)
    i._ZN8std_msgs6String6getMD5Ev           0x080038a0   Section        0  main.o(i._ZN8std_msgs6String6getMD5Ev)
    i._ZN8std_msgs6String7getTypeEv          0x080038a8   Section        0  main.o(i._ZN8std_msgs6String7getTypeEv)
    i._ZNK14rosserial_msgs20RequestParamResponse9serializeEPh 0x080038b0   Section        0  main.o(i._ZNK14rosserial_msgs20RequestParamResponse9serializeEPh)
    i._ZNK14rosserial_msgs3Log9serializeEPh  0x08003982   Section        0  main.o(i._ZNK14rosserial_msgs3Log9serializeEPh)
    i._ZNK14rosserial_msgs9TopicInfo9serializeEPh 0x080039aa   Section        0  main.o(i._ZNK14rosserial_msgs9TopicInfo9serializeEPh)
    i._ZNK8std_msgs4Time9serializeEPh        0x08003a2c   Section        0  main.o(i._ZNK8std_msgs4Time9serializeEPh)
    i._ZNK8std_msgs6String9serializeEPh      0x08003a5e   Section        0  main.o(i._ZNK8std_msgs6String9serializeEPh)
    i.getch                                  0x08003a84   Section        0  usbd_cdc_if.o(i.getch)
    i.main                                   0x08003aa4   Section        0  main.o(i.main)
    t._ZN3ros11NodeHandle_I13STM32HardwareLi25ELi25ELi1024ELi1024EE15negotiateTopicsEv 0x08003b74   Section        0  main.o(t._ZN3ros11NodeHandle_I13STM32HardwareLi25ELi25ELi1024ELi1024EE15negotiateTopicsEv)
    t._ZN3ros11NodeHandle_I13STM32HardwareLi25ELi25ELi1024ELi1024EE15requestSyncTimeEv 0x08003c44   Section        0  main.o(t._ZN3ros11NodeHandle_I13STM32HardwareLi25ELi25ELi1024ELi1024EE15requestSyncTimeEv)
    t._ZN3ros11NodeHandle_I13STM32HardwareLi25ELi25ELi1024ELi1024EE7publishEiPKNS_3MsgE 0x08003c68   Section        0  main.o(t._ZN3ros11NodeHandle_I13STM32HardwareLi25ELi25ELi1024ELi1024EE7publishEiPKNS_3MsgE)
    t._ZN3ros11NodeHandle_I13STM32HardwareLi25ELi25ELi1024ELi1024EE8spinOnceEv 0x08003d24   Section        0  main.o(t._ZN3ros11NodeHandle_I13STM32HardwareLi25ELi25ELi1024ELi1024EE8spinOnceEv)
    t._ZN3ros11NodeHandle_I13STM32HardwareLi25ELi25ELi1024ELi1024EEC1Ev 0x08003f7c   Section        0  main.o(t._ZN3ros11NodeHandle_I13STM32HardwareLi25ELi25ELi1024ELi1024EEC1Ev)
    t._ZN3ros3Msg8arrToVarIjPhEEvRT_T0_      0x08003ffc   Section        0  main.o(t._ZN3ros3Msg8arrToVarIjPhEEvRT_T0_)
    t._ZN3ros3Msg8varToArrIPhjEEvT_T0_       0x08004016   Section        0  main.o(t._ZN3ros3Msg8varToArrIPhjEEvT_T0_)
    x$fpl$fpinit                             0x08004028   Section       10  fpinit.o(x$fpl$fpinit)
    $v0                                      0x08004028   Number         0  fpinit.o(x$fpl$fpinit)
    .constdata                               0x08004032   Section       16  system_stm32f4xx.o(.constdata)
    .constdata                               0x08004042   Section       28  main.o(.constdata)
    rosserial_msgs::REQUESTPARAM             0x08004042   Data          28  main.o(.constdata)
    .constdata__ZTVN14rosserial_msgs20RequestParamResponseE 0x08004060   Section       24  main.o(.constdata__ZTVN14rosserial_msgs20RequestParamResponseE)
    .constdata__ZTVN14rosserial_msgs3LogE    0x08004078   Section       24  main.o(.constdata__ZTVN14rosserial_msgs3LogE)
    .constdata__ZTVN14rosserial_msgs9TopicInfoE 0x08004090   Section       24  main.o(.constdata__ZTVN14rosserial_msgs9TopicInfoE)
    .constdata__ZTVN3ros11NodeHandle_I13STM32HardwareLi25ELi25ELi1024ELi1024EEE 0x080040a8   Section       20  main.o(.constdata__ZTVN3ros11NodeHandle_I13STM32HardwareLi25ELi25ELi1024ELi1024EEE)
    .constdata__ZTVN8std_msgs4TimeE          0x080040bc   Section       24  main.o(.constdata__ZTVN8std_msgs4TimeE)
    .constdata__ZTVN8std_msgs6StringE        0x080040d4   Section       24  main.o(.constdata__ZTVN8std_msgs6StringE)
    .constdata__ZZN14rosserial_msgs20RequestParamResponse6getMD5EvEs 0x080040ec   Section       33  main.o(.constdata__ZZN14rosserial_msgs20RequestParamResponse6getMD5EvEs)
    .constdata__ZZN14rosserial_msgs3Log6getMD5EvEs 0x0800410d   Section       33  main.o(.constdata__ZZN14rosserial_msgs3Log6getMD5EvEs)
    .constdata__ZZN14rosserial_msgs3Log7getTypeEvEs 0x0800412e   Section       19  main.o(.constdata__ZZN14rosserial_msgs3Log7getTypeEvEs)
    .constdata__ZZN14rosserial_msgs9TopicInfo6getMD5EvEs 0x08004141   Section       33  main.o(.constdata__ZZN14rosserial_msgs9TopicInfo6getMD5EvEs)
    .constdata__ZZN14rosserial_msgs9TopicInfo7getTypeEvEs 0x08004162   Section       25  main.o(.constdata__ZZN14rosserial_msgs9TopicInfo7getTypeEvEs)
    .constdata__ZZN14rosserial_msgs9TopicInfoC1EvEs 0x0800417b   Section        1  main.o(.constdata__ZZN14rosserial_msgs9TopicInfoC1EvEs)
    .constdata__ZZN3ros11NodeHandle_I13STM32HardwareLi25ELi25ELi1024ELi1024EE7publishEiPKNS_3MsgEEs 0x0800417c   Section       57  main.o(.constdata__ZZN3ros11NodeHandle_I13STM32HardwareLi25ELi25ELi1024ELi1024EE7publishEiPKNS_3MsgEEs)
    .constdata__ZZN8std_msgs4Time6getMD5EvEs 0x080041b5   Section       33  main.o(.constdata__ZZN8std_msgs4Time6getMD5EvEs)
    .constdata__ZZN8std_msgs4Time7getTypeEvEs 0x080041d6   Section       14  main.o(.constdata__ZZN8std_msgs4Time7getTypeEvEs)
    .constdata__ZZN8std_msgs6String6getMD5EvEs 0x080041e4   Section       33  main.o(.constdata__ZZN8std_msgs6String6getMD5EvEs)
    .constdata__ZZN8std_msgs6String7getTypeEvEs 0x08004205   Section       16  main.o(.constdata__ZZN8std_msgs6String7getTypeEvEs)
    .constdata__ZZN8std_msgs6StringC1EvEs    0x08004215   Section        1  main.o(.constdata__ZZN8std_msgs6StringC1EvEs)
    .data                                    0x20000000   Section        4  stm32f4xx_hal.o(.data)
    .data                                    0x20000004   Section        4  system_stm32f4xx.o(.data)
    .data                                    0x20000008   Section        1  usbd_ctlreq.o(.data)
    cfgidx                                   0x20000008   Data           1  usbd_ctlreq.o(.data)
    .data                                    0x2000000c   Section      219  usbd_cdc.o(.data)
    ifalt                                    0x2000000c   Data           1  usbd_cdc.o(.data)
    USBD_CDC_DeviceQualifierDesc             0x20000010   Data          10  usbd_cdc.o(.data)
    .data                                    0x200000e8   Section       56  usbd_cdc.o(.data)
    .data                                    0x20000120   Section       16  usbd_cdc_if.o(.data)
    .data                                    0x20000130   Section       16  usbd_cdc_if.o(.data)
    .data                                    0x20000140   Section        8  stm32f4xx_it.o(.data)
    .data                                    0x20000148   Section       28  usbd_desc.o(.data)
    .data                                    0x20000164   Section       22  usbd_desc.o(.data)
    .bss                                     0x2000017c   Section      120  main.o(.bss)
    .bss                                     0x200001f4   Section     1008  usbd_conf.o(.bss)
    .bss                                     0x200005e4   Section     2048  usbd_cdc_if.o(.bss)
    .bss                                     0x20000de4   Section      548  usb_device.o(.bss)
    .bss                                     0x20001008   Section      512  usbd_desc.o(.bss)
    .bss                                     0x20001208   Section       96  libspace.o(.bss)
    HEAP                                     0x20001268   Section    61440  startup_stm32f407xx.o(HEAP)
    Heap_Mem                                 0x20001268   Data       61440  startup_stm32f407xx.o(HEAP)
    STACK                                    0x20010268   Section     1024  startup_stm32f407xx.o(STACK)
    Stack_Mem                                0x20010268   Data        1024  startup_stm32f407xx.o(STACK)
    __initial_sp                             0x20010668   Data           0  startup_stm32f407xx.o(STACK)

    Global Symbols

    Symbol Name                              Value     Ov Type        Size  Object(Section)

    BuildAttributes$$THM_ISAv4$E$P$D$K$B$S$7EM$VFPi3$EXTD16$VFPS$VFMA$PE$A:L22UL41UL21$X:L11$S22US41US21$IEEE1$IW$USESV6$~STKCKD$USESV7$~SHL$OTIME$ROPI$EBA8$UX$STANDARDLIB$REQ8$PRES8$EABIv2 0x00000000   Number         0  anon$$obj.o ABSOLUTE
    __ARM_use_no_argv                        0x00000000   Number         0  main.o ABSOLUTE
    __ARM::default_unexpected_handler()       - Undefined Weak Reference
    typeinfo for ros::Subscriber_             - Undefined Weak Reference
    __ARM_exceptions_buffer_required          - Undefined Weak Reference
    __ARM_exceptions_init                     - Undefined Weak Reference
    __alloca_initialize                       - Undefined Weak Reference
    __arm_preinit_                            - Undefined Weak Reference
    __cpp_initialize__aeabi_                  - Undefined Weak Reference
    __cxa_finalize                            - Undefined Weak Reference
    __rt_locale                               - Undefined Weak Reference
    __sigvec_lookup                           - Undefined Weak Reference
    __user_heap_extent                        - Undefined Weak Reference
    _atexit_init                              - Undefined Weak Reference
    _call_atexit_fns                          - Undefined Weak Reference
    _clock_init                               - Undefined Weak Reference
    _fp_trap_init                             - Undefined Weak Reference
    _fp_trap_shutdown                         - Undefined Weak Reference
    _get_lc_collate                           - Undefined Weak Reference
    _get_lc_ctype                             - Undefined Weak Reference
    _get_lc_monetary                          - Undefined Weak Reference
    _get_lc_numeric                           - Undefined Weak Reference
    _get_lc_time                              - Undefined Weak Reference
    _getenv_init                              - Undefined Weak Reference
    _handle_redirection                       - Undefined Weak Reference
    _initio                                   - Undefined Weak Reference
    _mutex_acquire                            - Undefined Weak Reference
    _mutex_free                               - Undefined Weak Reference
    _mutex_release                            - Undefined Weak Reference
    _rand_init                                - Undefined Weak Reference
    _signal_finish                            - Undefined Weak Reference
    _signal_init                              - Undefined Weak Reference
    _terminateio                              - Undefined Weak Reference
    __Vectors_Size                           0x00000188   Number         0  startup_stm32f407xx.o ABSOLUTE
    __Vectors                                0x08000000   Data           4  startup_stm32f407xx.o(RESET)
    __Vectors_End                            0x08000188   Data           0  startup_stm32f407xx.o(RESET)
    __main                                   0x08000189   Thumb Code     8  __main.o(!!!main)
    __scatterload                            0x08000191   Thumb Code     0  __scatter.o(!!!scatter)
    __scatterload_rt2                        0x08000191   Thumb Code    44  __scatter.o(!!!scatter)
    __scatterload_rt2_thumb_only             0x08000191   Thumb Code     0  __scatter.o(!!!scatter)
    __scatterload_null                       0x0800019f   Thumb Code     0  __scatter.o(!!!scatter)
    __decompress                             0x080001c5   Thumb Code    90  __dczerorl2.o(!!dczerorl2)
    __decompress1                            0x080001c5   Thumb Code     0  __dczerorl2.o(!!dczerorl2)
    __scatterload_zeroinit                   0x08000221   Thumb Code    28  __scatter_zi.o(!!handler_zi)
    __rt_lib_init                            0x0800023d   Thumb Code     0  libinit.o(.ARM.Collect$$libinit$$00000000)
    __rt_lib_init_fp_1                       0x0800023f   Thumb Code     0  libinit2.o(.ARM.Collect$$libinit$$00000001)
    __rt_lib_init_heap_2                     0x08000243   Thumb Code     0  libinit2.o(.ARM.Collect$$libinit$$00000005)
    __rt_lib_init_preinit_1                  0x08000243   Thumb Code     0  libinit2.o(.ARM.Collect$$libinit$$00000004)
    __rt_lib_init_alloca_1                   0x0800024b   Thumb Code     0  libinit2.o(.ARM.Collect$$libinit$$0000002E)
    __rt_lib_init_argv_1                     0x0800024b   Thumb Code     0  libinit2.o(.ARM.Collect$$libinit$$0000002C)
    __rt_lib_init_atexit_1                   0x0800024b   Thumb Code     0  libinit2.o(.ARM.Collect$$libinit$$0000001B)
    __rt_lib_init_clock_1                    0x0800024b   Thumb Code     0  libinit2.o(.ARM.Collect$$libinit$$00000021)
    __rt_lib_init_cpp_1                      0x0800024b   Thumb Code     0  libinit2.o(.ARM.Collect$$libinit$$00000032)
    __rt_lib_init_exceptions_1               0x0800024b   Thumb Code     0  libinit2.o(.ARM.Collect$$libinit$$00000030)
    __rt_lib_init_fp_trap_1                  0x0800024b   Thumb Code     0  libinit2.o(.ARM.Collect$$libinit$$0000001F)
    __rt_lib_init_getenv_1                   0x0800024b   Thumb Code     0  libinit2.o(.ARM.Collect$$libinit$$00000023)
    __rt_lib_init_heap_1                     0x0800024b   Thumb Code     0  libinit2.o(.ARM.Collect$$libinit$$0000000A)
    __rt_lib_init_lc_collate_1               0x0800024b   Thumb Code     0  libinit2.o(.ARM.Collect$$libinit$$00000011)
    __rt_lib_init_lc_ctype_1                 0x0800024b   Thumb Code     0  libinit2.o(.ARM.Collect$$libinit$$00000013)
    __rt_lib_init_lc_monetary_1              0x0800024b   Thumb Code     0  libinit2.o(.ARM.Collect$$libinit$$00000015)
    __rt_lib_init_lc_numeric_1               0x0800024b   Thumb Code     0  libinit2.o(.ARM.Collect$$libinit$$00000017)
    __rt_lib_init_lc_time_1                  0x0800024b   Thumb Code     0  libinit2.o(.ARM.Collect$$libinit$$00000019)
    __rt_lib_init_rand_1                     0x0800024b   Thumb Code     0  libinit2.o(.ARM.Collect$$libinit$$0000000E)
    __rt_lib_init_return                     0x0800024b   Thumb Code     0  libinit2.o(.ARM.Collect$$libinit$$00000033)
    __rt_lib_init_signal_1                   0x0800024b   Thumb Code     0  libinit2.o(.ARM.Collect$$libinit$$0000001D)
    __rt_lib_init_stdio_1                    0x0800024b   Thumb Code     0  libinit2.o(.ARM.Collect$$libinit$$00000025)
    __rt_lib_init_user_alloc_1               0x0800024b   Thumb Code     0  libinit2.o(.ARM.Collect$$libinit$$0000000C)
    __rt_lib_shutdown                        0x0800024d   Thumb Code     0  libshutdown.o(.ARM.Collect$$libshutdown$$00000000)
    __rt_lib_shutdown_cpp_1                  0x0800024f   Thumb Code     0  libshutdown2.o(.ARM.Collect$$libshutdown$$00000002)
    __rt_lib_shutdown_fp_trap_1              0x0800024f   Thumb Code     0  libshutdown2.o(.ARM.Collect$$libshutdown$$00000007)
    __rt_lib_shutdown_heap_1                 0x0800024f   Thumb Code     0  libshutdown2.o(.ARM.Collect$$libshutdown$$0000000F)
    __rt_lib_shutdown_return                 0x0800024f   Thumb Code     0  libshutdown2.o(.ARM.Collect$$libshutdown$$00000010)
    __rt_lib_shutdown_signal_1               0x0800024f   Thumb Code     0  libshutdown2.o(.ARM.Collect$$libshutdown$$0000000A)
    __rt_lib_shutdown_stdio_1                0x0800024f   Thumb Code     0  libshutdown2.o(.ARM.Collect$$libshutdown$$00000004)
    __rt_lib_shutdown_user_alloc_1           0x0800024f   Thumb Code     0  libshutdown2.o(.ARM.Collect$$libshutdown$$0000000C)
    __rt_entry                               0x08000251   Thumb Code     0  __rtentry.o(.ARM.Collect$$rtentry$$00000000)
    __rt_entry_presh_1                       0x08000251   Thumb Code     0  __rtentry2.o(.ARM.Collect$$rtentry$$00000002)
    __rt_entry_sh                            0x08000251   Thumb Code     0  __rtentry4.o(.ARM.Collect$$rtentry$$00000004)
    __rt_entry_li                            0x08000257   Thumb Code     0  __rtentry2.o(.ARM.Collect$$rtentry$$0000000A)
    __rt_entry_postsh_1                      0x08000257   Thumb Code     0  __rtentry2.o(.ARM.Collect$$rtentry$$00000009)
    __rt_entry_main                          0x0800025b   Thumb Code     0  __rtentry2.o(.ARM.Collect$$rtentry$$0000000D)
    __rt_entry_postli_1                      0x0800025b   Thumb Code     0  __rtentry2.o(.ARM.Collect$$rtentry$$0000000C)
    __rt_exit                                0x08000263   Thumb Code     0  rtexit.o(.ARM.Collect$$rtexit$$00000000)
    __rt_exit_ls                             0x08000265   Thumb Code     0  rtexit2.o(.ARM.Collect$$rtexit$$00000003)
    __rt_exit_prels_1                        0x08000265   Thumb Code     0  rtexit2.o(.ARM.Collect$$rtexit$$00000002)
    __rt_exit_exit                           0x08000269   Thumb Code     0  rtexit2.o(.ARM.Collect$$rtexit$$00000004)
    Reset_Handler                            0x08000271   Thumb Code     8  startup_stm32f407xx.o(.text)
    _maybe_terminate_alloc                   0x08000271   Thumb Code     0  maybetermalloc1.o(.emb_text)
    NMI_Handler                              0x08000279   Thumb Code     2  startup_stm32f407xx.o(.text)
    HardFault_Handler                        0x0800027b   Thumb Code     2  startup_stm32f407xx.o(.text)
    MemManage_Handler                        0x0800027d   Thumb Code     2  startup_stm32f407xx.o(.text)
    BusFault_Handler                         0x0800027f   Thumb Code     2  startup_stm32f407xx.o(.text)
    UsageFault_Handler                       0x08000281   Thumb Code     2  startup_stm32f407xx.o(.text)
    SVC_Handler                              0x08000283   Thumb Code     2  startup_stm32f407xx.o(.text)
    DebugMon_Handler                         0x08000285   Thumb Code     2  startup_stm32f407xx.o(.text)
    PendSV_Handler                           0x08000287   Thumb Code     2  startup_stm32f407xx.o(.text)
    ADC_IRQHandler                           0x0800028b   Thumb Code     0  startup_stm32f407xx.o(.text)
    CAN1_RX0_IRQHandler                      0x0800028b   Thumb Code     0  startup_stm32f407xx.o(.text)
    CAN1_RX1_IRQHandler                      0x0800028b   Thumb Code     0  startup_stm32f407xx.o(.text)
    CAN1_SCE_IRQHandler                      0x0800028b   Thumb Code     0  startup_stm32f407xx.o(.text)
    CAN1_TX_IRQHandler                       0x0800028b   Thumb Code     0  startup_stm32f407xx.o(.text)
    CAN2_RX0_IRQHandler                      0x0800028b   Thumb Code     0  startup_stm32f407xx.o(.text)
    CAN2_RX1_IRQHandler                      0x0800028b   Thumb Code     0  startup_stm32f407xx.o(.text)
    CAN2_SCE_IRQHandler                      0x0800028b   Thumb Code     0  startup_stm32f407xx.o(.text)
    CAN2_TX_IRQHandler                       0x0800028b   Thumb Code     0  startup_stm32f407xx.o(.text)
    DCMI_IRQHandler                          0x0800028b   Thumb Code     0  startup_stm32f407xx.o(.text)
    DMA1_Stream0_IRQHandler                  0x0800028b   Thumb Code     0  startup_stm32f407xx.o(.text)
    DMA1_Stream1_IRQHandler                  0x0800028b   Thumb Code     0  startup_stm32f407xx.o(.text)
    DMA1_Stream2_IRQHandler                  0x0800028b   Thumb Code     0  startup_stm32f407xx.o(.text)
    DMA1_Stream3_IRQHandler                  0x0800028b   Thumb Code     0  startup_stm32f407xx.o(.text)
    DMA1_Stream4_IRQHandler                  0x0800028b   Thumb Code     0  startup_stm32f407xx.o(.text)
    DMA1_Stream5_IRQHandler                  0x0800028b   Thumb Code     0  startup_stm32f407xx.o(.text)
    DMA1_Stream6_IRQHandler                  0x0800028b   Thumb Code     0  startup_stm32f407xx.o(.text)
    DMA1_Stream7_IRQHandler                  0x0800028b   Thumb Code     0  startup_stm32f407xx.o(.text)
    DMA2_Stream0_IRQHandler                  0x0800028b   Thumb Code     0  startup_stm32f407xx.o(.text)
    DMA2_Stream1_IRQHandler                  0x0800028b   Thumb Code     0  startup_stm32f407xx.o(.text)
    DMA2_Stream2_IRQHandler                  0x0800028b   Thumb Code     0  startup_stm32f407xx.o(.text)
    DMA2_Stream3_IRQHandler                  0x0800028b   Thumb Code     0  startup_stm32f407xx.o(.text)
    DMA2_Stream4_IRQHandler                  0x0800028b   Thumb Code     0  startup_stm32f407xx.o(.text)
    DMA2_Stream5_IRQHandler                  0x0800028b   Thumb Code     0  startup_stm32f407xx.o(.text)
    DMA2_Stream6_IRQHandler                  0x0800028b   Thumb Code     0  startup_stm32f407xx.o(.text)
    DMA2_Stream7_IRQHandler                  0x0800028b   Thumb Code     0  startup_stm32f407xx.o(.text)
    ETH_IRQHandler                           0x0800028b   Thumb Code     0  startup_stm32f407xx.o(.text)
    ETH_WKUP_IRQHandler                      0x0800028b   Thumb Code     0  startup_stm32f407xx.o(.text)
    EXTI0_IRQHandler                         0x0800028b   Thumb Code     0  startup_stm32f407xx.o(.text)
    EXTI15_10_IRQHandler                     0x0800028b   Thumb Code     0  startup_stm32f407xx.o(.text)
    EXTI1_IRQHandler                         0x0800028b   Thumb Code     0  startup_stm32f407xx.o(.text)
    EXTI2_IRQHandler                         0x0800028b   Thumb Code     0  startup_stm32f407xx.o(.text)
    EXTI3_IRQHandler                         0x0800028b   Thumb Code     0  startup_stm32f407xx.o(.text)
    EXTI4_IRQHandler                         0x0800028b   Thumb Code     0  startup_stm32f407xx.o(.text)
    EXTI9_5_IRQHandler                       0x0800028b   Thumb Code     0  startup_stm32f407xx.o(.text)
    FLASH_IRQHandler                         0x0800028b   Thumb Code     0  startup_stm32f407xx.o(.text)
    FMC_IRQHandler                           0x0800028b   Thumb Code     0  startup_stm32f407xx.o(.text)
    FPU_IRQHandler                           0x0800028b   Thumb Code     0  startup_stm32f407xx.o(.text)
    HASH_RNG_IRQHandler                      0x0800028b   Thumb Code     0  startup_stm32f407xx.o(.text)
    I2C1_ER_IRQHandler                       0x0800028b   Thumb Code     0  startup_stm32f407xx.o(.text)
    I2C1_EV_IRQHandler                       0x0800028b   Thumb Code     0  startup_stm32f407xx.o(.text)
    I2C2_ER_IRQHandler                       0x0800028b   Thumb Code     0  startup_stm32f407xx.o(.text)
    I2C2_EV_IRQHandler                       0x0800028b   Thumb Code     0  startup_stm32f407xx.o(.text)
    I2C3_ER_IRQHandler                       0x0800028b   Thumb Code     0  startup_stm32f407xx.o(.text)
    I2C3_EV_IRQHandler                       0x0800028b   Thumb Code     0  startup_stm32f407xx.o(.text)
    OTG_FS_WKUP_IRQHandler                   0x0800028b   Thumb Code     0  startup_stm32f407xx.o(.text)
    OTG_HS_EP1_IN_IRQHandler                 0x0800028b   Thumb Code     0  startup_stm32f407xx.o(.text)
    OTG_HS_EP1_OUT_IRQHandler                0x0800028b   Thumb Code     0  startup_stm32f407xx.o(.text)
    OTG_HS_IRQHandler                        0x0800028b   Thumb Code     0  startup_stm32f407xx.o(.text)
    OTG_HS_WKUP_IRQHandler                   0x0800028b   Thumb Code     0  startup_stm32f407xx.o(.text)
    PVD_IRQHandler                           0x0800028b   Thumb Code     0  startup_stm32f407xx.o(.text)
    RCC_IRQHandler                           0x0800028b   Thumb Code     0  startup_stm32f407xx.o(.text)
    RTC_Alarm_IRQHandler                     0x0800028b   Thumb Code     0  startup_stm32f407xx.o(.text)
    RTC_WKUP_IRQHandler                      0x0800028b   Thumb Code     0  startup_stm32f407xx.o(.text)
    SDIO_IRQHandler                          0x0800028b   Thumb Code     0  startup_stm32f407xx.o(.text)
    SPI1_IRQHandler                          0x0800028b   Thumb Code     0  startup_stm32f407xx.o(.text)
    SPI2_IRQHandler                          0x0800028b   Thumb Code     0  startup_stm32f407xx.o(.text)
    SPI3_IRQHandler                          0x0800028b   Thumb Code     0  startup_stm32f407xx.o(.text)
    TAMP_STAMP_IRQHandler                    0x0800028b   Thumb Code     0  startup_stm32f407xx.o(.text)
    TIM1_BRK_TIM9_IRQHandler                 0x0800028b   Thumb Code     0  startup_stm32f407xx.o(.text)
    TIM1_CC_IRQHandler                       0x0800028b   Thumb Code     0  startup_stm32f407xx.o(.text)
    TIM1_TRG_COM_TIM11_IRQHandler            0x0800028b   Thumb Code     0  startup_stm32f407xx.o(.text)
    TIM1_UP_TIM10_IRQHandler                 0x0800028b   Thumb Code     0  startup_stm32f407xx.o(.text)
    TIM2_IRQHandler                          0x0800028b   Thumb Code     0  startup_stm32f407xx.o(.text)
    TIM3_IRQHandler                          0x0800028b   Thumb Code     0  startup_stm32f407xx.o(.text)
    TIM4_IRQHandler                          0x0800028b   Thumb Code     0  startup_stm32f407xx.o(.text)
    TIM5_IRQHandler                          0x0800028b   Thumb Code     0  startup_stm32f407xx.o(.text)
    TIM6_DAC_IRQHandler                      0x0800028b   Thumb Code     0  startup_stm32f407xx.o(.text)
    TIM7_IRQHandler                          0x0800028b   Thumb Code     0  startup_stm32f407xx.o(.text)
    TIM8_BRK_TIM12_IRQHandler                0x0800028b   Thumb Code     0  startup_stm32f407xx.o(.text)
    TIM8_CC_IRQHandler                       0x0800028b   Thumb Code     0  startup_stm32f407xx.o(.text)
    TIM8_TRG_COM_TIM14_IRQHandler            0x0800028b   Thumb Code     0  startup_stm32f407xx.o(.text)
    TIM8_UP_TIM13_IRQHandler                 0x0800028b   Thumb Code     0  startup_stm32f407xx.o(.text)
    UART4_IRQHandler                         0x0800028b   Thumb Code     0  startup_stm32f407xx.o(.text)
    UART5_IRQHandler                         0x0800028b   Thumb Code     0  startup_stm32f407xx.o(.text)
    USART1_IRQHandler                        0x0800028b   Thumb Code     0  startup_stm32f407xx.o(.text)
    USART2_IRQHandler                        0x0800028b   Thumb Code     0  startup_stm32f407xx.o(.text)
    USART3_IRQHandler                        0x0800028b   Thumb Code     0  startup_stm32f407xx.o(.text)
    USART6_IRQHandler                        0x0800028b   Thumb Code     0  startup_stm32f407xx.o(.text)
    WWDG_IRQHandler                          0x0800028b   Thumb Code     0  startup_stm32f407xx.o(.text)
    __user_initial_stackheap                 0x0800028d   Thumb Code     0  startup_stm32f407xx.o(.text)
    malloc                                   0x080002b1   Thumb Code    94  h1_alloc.o(.text)
    free                                     0x0800030f   Thumb Code    78  h1_free.o(.text)
    realloc                                  0x0800035d   Thumb Code   184  h1_realloc.o(.text)
    strlen                                   0x08000415   Thumb Code    62  strlen.o(.text)
    __aeabi_memcpy                           0x08000453   Thumb Code     0  rt_memcpy_v6.o(.text)
    __rt_memcpy                              0x08000453   Thumb Code   138  rt_memcpy_v6.o(.text)
    _memcpy_lastbytes                        0x080004b9   Thumb Code     0  rt_memcpy_v6.o(.text)
    __aeabi_memcpy4                          0x080004dd   Thumb Code     0  rt_memcpy_w.o(.text)
    __aeabi_memcpy8                          0x080004dd   Thumb Code     0  rt_memcpy_w.o(.text)
    __rt_memcpy_w                            0x080004dd   Thumb Code   100  rt_memcpy_w.o(.text)
    _memcpy_lastbytes_aligned                0x08000525   Thumb Code     0  rt_memcpy_w.o(.text)
    __use_two_region_memory                  0x08000541   Thumb Code     2  heapauxi.o(.text)
    __rt_heap_escrow                         0x08000543   Thumb Code     2  heapauxi.o(.text)
    __rt_heap_expand                         0x08000545   Thumb Code     2  heapauxi.o(.text)
    __rt_heap_descriptor                     0x08000549   Thumb Code     8  rt_heap_descriptor_intlibspace.o(.text)
    __use_no_heap                            0x08000551   Thumb Code     2  hguard.o(.text)
    __heap$guard                             0x08000553   Thumb Code     2  hguard.o(.text)
    _terminate_user_alloc                    0x08000555   Thumb Code     2  init_alloc.o(.text)
    _init_user_alloc                         0x08000557   Thumb Code     2  init_alloc.o(.text)
    __Heap_Full                              0x08000559   Thumb Code    34  init_alloc.o(.text)
    __Heap_Broken                            0x0800057b   Thumb Code     6  init_alloc.o(.text)
    _init_alloc                              0x08000581   Thumb Code    94  init_alloc.o(.text)
    __Heap_Initialize                        0x080005df   Thumb Code    10  h1_init.o(.text)
    __Heap_DescSize                          0x080005e9   Thumb Code     4  h1_init.o(.text)
    __user_libspace                          0x080005ed   Thumb Code     8  libspace.o(.text)
    __user_perproc_libspace                  0x080005ed   Thumb Code     0  libspace.o(.text)
    __user_perthread_libspace                0x080005ed   Thumb Code     0  libspace.o(.text)
    __Heap_ProvideMemory                     0x080005f5   Thumb Code    52  h1_extend.o(.text)
    __rt_SIGRTMEM                            0x08000629   Thumb Code    14  defsig_rtmem_outer.o(.text)
    __I$use$semihosting                      0x08000637   Thumb Code     0  use_no_semi.o(.text)
    __use_no_semihosting_swi                 0x08000637   Thumb Code     2  use_no_semi.o(.text)
    __semihosting_library_function           0x08000639   Thumb Code     0  indicate_semi.o(.text)
    __user_setup_stackheap                   0x08000639   Thumb Code    74  sys_stackheap_outer.o(.text)
    exit                                     0x08000683   Thumb Code    18  exit.o(.text)
    __sig_exit                               0x08000695   Thumb Code    10  defsig_exit.o(.text)
    __rt_SIGRTMEM_inner                      0x080006a1   Thumb Code    22  defsig_rtmem_inner.o(.text)
    _sys_exit                                0x080006f1   Thumb Code     8  sys_exit.o(.text)
    __default_signal_display                 0x080006fd   Thumb Code    50  defsig_general.o(.text)
    _ttywrch                                 0x0800072f   Thumb Code    14  sys_wrch.o(.text)
    CDC_Transmit_FS                          0x080007dd   Thumb Code    38  usbd_cdc_if.o(i.CDC_Transmit_FS)
    HAL_Delay                                0x08000809   Thumb Code    28  stm32f4xx_hal.o(i.HAL_Delay)
    HAL_GPIO_Init                            0x08000825   Thumb Code   402  stm32f4xx_hal_gpio.o(i.HAL_GPIO_Init)
    HAL_GPIO_WritePin                        0x080009e5   Thumb Code    10  stm32f4xx_hal_gpio.o(i.HAL_GPIO_WritePin)
    HAL_GetTick                              0x080009f1   Thumb Code     6  stm32f4xx_hal.o(i.HAL_GetTick)
    HAL_IncTick                              0x080009fd   Thumb Code    10  stm32f4xx_hal.o(i.HAL_IncTick)
    HAL_Init                                 0x08000a0d   Thumb Code    48  stm32f4xx_hal.o(i.HAL_Init)
    HAL_InitTick                             0x08000a41   Thumb Code    34  stm32f4xx_hal.o(i.HAL_InitTick)
    HAL_MspInit                              0x08000a69   Thumb Code    88  stm32f4xx_hal_msp.o(i.HAL_MspInit)
    HAL_NVIC_EnableIRQ                       0x08000ac1   Thumb Code    22  stm32f4xx_hal_cortex.o(i.HAL_NVIC_EnableIRQ)
    HAL_NVIC_SetPriority                     0x08000ad9   Thumb Code    60  stm32f4xx_hal_cortex.o(i.HAL_NVIC_SetPriority)
    HAL_NVIC_SetPriorityGrouping             0x08000b19   Thumb Code    26  stm32f4xx_hal_cortex.o(i.HAL_NVIC_SetPriorityGrouping)
    HAL_PCDEx_SetRxFiFo                      0x08000b3d   Thumb Code     8  stm32f4xx_hal_pcd_ex.o(i.HAL_PCDEx_SetRxFiFo)
    HAL_PCDEx_SetTxFiFo                      0x08000b45   Thumb Code    68  stm32f4xx_hal_pcd_ex.o(i.HAL_PCDEx_SetTxFiFo)
    HAL_PCD_ConnectCallback                  0x08000b89   Thumb Code     8  usbd_conf.o(i.HAL_PCD_ConnectCallback)
    HAL_PCD_DataInStageCallback              0x08000b91   Thumb Code    18  usbd_conf.o(i.HAL_PCD_DataInStageCallback)
    HAL_PCD_DataOutStageCallback             0x08000ba3   Thumb Code    20  usbd_conf.o(i.HAL_PCD_DataOutStageCallback)
    HAL_PCD_DisconnectCallback               0x08000bb7   Thumb Code     8  usbd_conf.o(i.HAL_PCD_DisconnectCallback)
    HAL_PCD_EP_Close                         0x08000bbf   Thumb Code    68  stm32f4xx_hal_pcd.o(i.HAL_PCD_EP_Close)
    HAL_PCD_EP_ClrStall                      0x08000c03   Thumb Code    80  stm32f4xx_hal_pcd.o(i.HAL_PCD_EP_ClrStall)
    HAL_PCD_EP_GetRxCount                    0x08000c53   Thumb Code    20  stm32f4xx_hal_pcd.o(i.HAL_PCD_EP_GetRxCount)
    HAL_PCD_EP_Open                          0x08000c67   Thumb Code    84  stm32f4xx_hal_pcd.o(i.HAL_PCD_EP_Open)
    HAL_PCD_EP_Receive                       0x08000cbb   Thumb Code    72  stm32f4xx_hal_pcd.o(i.HAL_PCD_EP_Receive)
    HAL_PCD_EP_SetStall                      0x08000d03   Thumb Code    96  stm32f4xx_hal_pcd.o(i.HAL_PCD_EP_SetStall)
    HAL_PCD_EP_Transmit                      0x08000d63   Thumb Code    64  stm32f4xx_hal_pcd.o(i.HAL_PCD_EP_Transmit)
    HAL_PCD_IRQHandler                       0x08000da5   Thumb Code  1184  stm32f4xx_hal_pcd.o(i.HAL_PCD_IRQHandler)
    HAL_PCD_ISOINIncompleteCallback          0x0800128d   Thumb Code     8  usbd_conf.o(i.HAL_PCD_ISOINIncompleteCallback)
    HAL_PCD_ISOOUTIncompleteCallback         0x08001295   Thumb Code     8  usbd_conf.o(i.HAL_PCD_ISOOUTIncompleteCallback)
    HAL_PCD_Init                             0x0800129d   Thumb Code   188  stm32f4xx_hal_pcd.o(i.HAL_PCD_Init)
    HAL_PCD_MspInit                          0x08001359   Thumb Code   110  usbd_conf.o(i.HAL_PCD_MspInit)
    HAL_PCD_ResetCallback                    0x080013d1   Thumb Code    32  usbd_conf.o(i.HAL_PCD_ResetCallback)
    HAL_PCD_ResumeCallback                   0x080013f1   Thumb Code     8  usbd_conf.o(i.HAL_PCD_ResumeCallback)
    HAL_PCD_SOFCallback                      0x080013f9   Thumb Code     8  usbd_conf.o(i.HAL_PCD_SOFCallback)
    HAL_PCD_SetAddress                       0x08001401   Thumb Code    36  stm32f4xx_hal_pcd.o(i.HAL_PCD_SetAddress)
    HAL_PCD_SetupStageCallback               0x08001425   Thumb Code    14  usbd_conf.o(i.HAL_PCD_SetupStageCallback)
    HAL_PCD_Start                            0x08001433   Thumb Code    42  stm32f4xx_hal_pcd.o(i.HAL_PCD_Start)
    HAL_PCD_SuspendCallback                  0x0800145d   Thumb Code    44  usbd_conf.o(i.HAL_PCD_SuspendCallback)
    HAL_RCC_ClockConfig                      0x0800148d   Thumb Code   356  stm32f4xx_hal_rcc.o(i.HAL_RCC_ClockConfig)
    HAL_RCC_GetHCLKFreq                      0x08001601   Thumb Code     6  stm32f4xx_hal_rcc.o(i.HAL_RCC_GetHCLKFreq)
    HAL_RCC_GetSysClockFreq                  0x0800160d   Thumb Code   104  stm32f4xx_hal_rcc.o(i.HAL_RCC_GetSysClockFreq)
    HAL_RCC_OscConfig                        0x0800167d   Thumb Code   766  stm32f4xx_hal_rcc.o(i.HAL_RCC_OscConfig)
    HAL_SYSTICK_CLKSourceConfig              0x08001991   Thumb Code    24  stm32f4xx_hal_cortex.o(i.HAL_SYSTICK_CLKSourceConfig)
    HAL_SYSTICK_Callback                     0x080019a9   Thumb Code     2  stm32f4xx_hal_cortex.o(i.HAL_SYSTICK_Callback)
    HAL_SYSTICK_Config                       0x080019ab   Thumb Code    40  stm32f4xx_hal_cortex.o(i.HAL_SYSTICK_Config)
    HAL_SYSTICK_IRQHandler                   0x080019d3   Thumb Code     8  stm32f4xx_hal_cortex.o(i.HAL_SYSTICK_IRQHandler)
    HAL_TIMEx_MasterConfigSynchronization    0x080019db   Thumb Code    80  stm32f4xx_hal_tim_ex.o(i.HAL_TIMEx_MasterConfigSynchronization)
    HAL_TIM_Base_Init                        0x08001a2b   Thumb Code    54  stm32f4xx_hal_tim.o(i.HAL_TIM_Base_Init)
    HAL_TIM_Base_MspInit                     0x08001a61   Thumb Code    30  stm32f4xx_hal_msp.o(i.HAL_TIM_Base_MspInit)
    HAL_TIM_Encoder_Init                     0x08001a89   Thumb Code   150  stm32f4xx_hal_tim.o(i.HAL_TIM_Encoder_Init)
    HAL_TIM_Encoder_MspInit                  0x08001b21   Thumb Code    78  stm32f4xx_hal_msp.o(i.HAL_TIM_Encoder_MspInit)
    HAL_TIM_SlaveConfigSynchronization       0x08001b81   Thumb Code    66  stm32f4xx_hal_tim.o(i.HAL_TIM_SlaveConfigSynchronization)
    MX_USB_DEVICE_Init                       0x08001bc5   Thumb Code    38  usb_device.o(i.MX_USB_DEVICE_Init)
    OTG_FS_IRQHandler                        0x08001c1d   Thumb Code     6  stm32f4xx_it.o(i.OTG_FS_IRQHandler)
    SysTick_Handler                          0x08001cb1   Thumb Code    30  stm32f4xx_it.o(i.SysTick_Handler)
    SystemClock_Config                       0x08001cd5   Thumb Code   146  main.o(i.SystemClock_Config)
    SystemInit                               0x08001d71   Thumb Code    66  system_stm32f4xx.o(i.SystemInit)
    TIM_Base_SetConfig                       0x08001dc5   Thumb Code   148  stm32f4xx_hal_tim.o(i.TIM_Base_SetConfig)
    USBD_CDC_GetDeviceQualifierDescriptor    0x08001ffd   Thumb Code     8  usbd_cdc.o(i.USBD_CDC_GetDeviceQualifierDescriptor)
    USBD_CDC_ReceivePacket                   0x080020b5   Thumb Code    40  usbd_cdc.o(i.USBD_CDC_ReceivePacket)
    USBD_CDC_RegisterInterface               0x080020dd   Thumb Code    16  usbd_cdc.o(i.USBD_CDC_RegisterInterface)
    USBD_CDC_SetRxBuffer                     0x080020ed   Thumb Code    12  usbd_cdc.o(i.USBD_CDC_SetRxBuffer)
    USBD_CDC_SetTxBuffer                     0x080020f9   Thumb Code    16  usbd_cdc.o(i.USBD_CDC_SetTxBuffer)
    USBD_CDC_TransmitPacket                  0x08002179   Thumb Code    48  usbd_cdc.o(i.USBD_CDC_TransmitPacket)
    USBD_ClrClassConfig                      0x080021a9   Thumb Code    14  usbd_core.o(i.USBD_ClrClassConfig)
    USBD_CtlContinueRx                       0x080021b7   Thumb Code    16  usbd_ioreq.o(i.USBD_CtlContinueRx)
    USBD_CtlContinueSendData                 0x080021c7   Thumb Code    16  usbd_ioreq.o(i.USBD_CtlContinueSendData)
    USBD_CtlError                            0x080021d7   Thumb Code    22  usbd_ctlreq.o(i.USBD_CtlError)
    USBD_CtlPrepareRx                        0x080021ed   Thumb Code    30  usbd_ioreq.o(i.USBD_CtlPrepareRx)
    USBD_CtlReceiveStatus                    0x0800220b   Thumb Code    22  usbd_ioreq.o(i.USBD_CtlReceiveStatus)
    USBD_CtlSendData                         0x08002221   Thumb Code    26  usbd_ioreq.o(i.USBD_CtlSendData)
    USBD_CtlSendStatus                       0x0800223b   Thumb Code    22  usbd_ioreq.o(i.USBD_CtlSendStatus)
    USBD_FS_ConfigStrDescriptor              0x08002251   Thumb Code    16  usbd_desc.o(i.USBD_FS_ConfigStrDescriptor)
    USBD_FS_DeviceDescriptor                 0x08002271   Thumb Code     8  usbd_desc.o(i.USBD_FS_DeviceDescriptor)
    USBD_FS_InterfaceStrDescriptor           0x0800227d   Thumb Code    16  usbd_desc.o(i.USBD_FS_InterfaceStrDescriptor)
    USBD_FS_LangIDStrDescriptor              0x080022a1   Thumb Code     8  usbd_desc.o(i.USBD_FS_LangIDStrDescriptor)
    USBD_FS_ManufacturerStrDescriptor        0x080022ad   Thumb Code    16  usbd_desc.o(i.USBD_FS_ManufacturerStrDescriptor)
    USBD_FS_ProductStrDescriptor             0x080022d5   Thumb Code    16  usbd_desc.o(i.USBD_FS_ProductStrDescriptor)
    USBD_FS_SerialStrDescriptor              0x08002301   Thumb Code    16  usbd_desc.o(i.USBD_FS_SerialStrDescriptor)
    USBD_GetString                           0x08002405   Thumb Code    70  usbd_ctlreq.o(i.USBD_GetString)
    USBD_Init                                0x0800244b   Thumb Code    42  usbd_core.o(i.USBD_Init)
    USBD_LL_ClearStallEP                     0x08002475   Thumb Code    32  usbd_conf.o(i.USBD_LL_ClearStallEP)
    USBD_LL_CloseEP                          0x08002495   Thumb Code    32  usbd_conf.o(i.USBD_LL_CloseEP)
    USBD_LL_DataInStage                      0x080024b5   Thumb Code   170  usbd_core.o(i.USBD_LL_DataInStage)
    USBD_LL_DataOutStage                     0x0800255f   Thumb Code   106  usbd_core.o(i.USBD_LL_DataOutStage)
    USBD_LL_DevConnected                     0x080025c9   Thumb Code     4  usbd_core.o(i.USBD_LL_DevConnected)
    USBD_LL_DevDisconnected                  0x080025cd   Thumb Code    22  usbd_core.o(i.USBD_LL_DevDisconnected)
    USBD_LL_GetRxDataSize                    0x080025e3   Thumb Code     8  usbd_conf.o(i.USBD_LL_GetRxDataSize)
    USBD_LL_Init                             0x080025ed   Thumb Code   100  usbd_conf.o(i.USBD_LL_Init)
    USBD_LL_IsStallEP                        0x08002669   Thumb Code    32  usbd_conf.o(i.USBD_LL_IsStallEP)
    USBD_LL_IsoINIncomplete                  0x08002689   Thumb Code     4  usbd_core.o(i.USBD_LL_IsoINIncomplete)
    USBD_LL_IsoOUTIncomplete                 0x0800268d   Thumb Code     4  usbd_core.o(i.USBD_LL_IsoOUTIncomplete)
    USBD_LL_OpenEP                           0x08002691   Thumb Code    38  usbd_conf.o(i.USBD_LL_OpenEP)
    USBD_LL_PrepareReceive                   0x080026b7   Thumb Code    32  usbd_conf.o(i.USBD_LL_PrepareReceive)
    USBD_LL_Reset                            0x080026d7   Thumb Code    62  usbd_core.o(i.USBD_LL_Reset)
    USBD_LL_Resume                           0x08002715   Thumb Code    12  usbd_core.o(i.USBD_LL_Resume)
    USBD_LL_SOF                              0x08002721   Thumb Code    24  usbd_core.o(i.USBD_LL_SOF)
    USBD_LL_SetSpeed                         0x08002739   Thumb Code     6  usbd_core.o(i.USBD_LL_SetSpeed)
    USBD_LL_SetUSBAddress                    0x0800273f   Thumb Code    32  usbd_conf.o(i.USBD_LL_SetUSBAddress)
    USBD_LL_SetupStage                       0x0800275f   Thumb Code    90  usbd_core.o(i.USBD_LL_SetupStage)
    USBD_LL_StallEP                          0x080027b9   Thumb Code    32  usbd_conf.o(i.USBD_LL_StallEP)
    USBD_LL_Start                            0x080027d9   Thumb Code    32  usbd_conf.o(i.USBD_LL_Start)
    USBD_LL_Suspend                          0x080027f9   Thumb Code    18  usbd_core.o(i.USBD_LL_Suspend)
    USBD_LL_Transmit                         0x0800280b   Thumb Code    32  usbd_conf.o(i.USBD_LL_Transmit)
    USBD_ParseSetupRequest                   0x0800282b   Thumb Code    40  usbd_ctlreq.o(i.USBD_ParseSetupRequest)
    USBD_RegisterClass                       0x08002853   Thumb Code    16  usbd_core.o(i.USBD_RegisterClass)
    USBD_SetClassConfig                      0x08002863   Thumb Code    22  usbd_core.o(i.USBD_SetClassConfig)
    USBD_Start                               0x080028ed   Thumb Code    10  usbd_core.o(i.USBD_Start)
    USBD_StdDevReq                           0x080028f7   Thumb Code   242  usbd_ctlreq.o(i.USBD_StdDevReq)
    USBD_StdEPReq                            0x080029e9   Thumb Code   220  usbd_ctlreq.o(i.USBD_StdEPReq)
    USBD_StdItfReq                           0x08002ac5   Thumb Code    52  usbd_ctlreq.o(i.USBD_StdItfReq)
    USB_ActivateEndpoint                     0x08002af9   Thumb Code   122  stm32f4xx_ll_usb.o(i.USB_ActivateEndpoint)
    USB_ActivateSetup                        0x08002b79   Thumb Code    52  stm32f4xx_ll_usb.o(i.USB_ActivateSetup)
    USB_CoreInit                             0x08002bad   Thumb Code   104  stm32f4xx_ll_usb.o(i.USB_CoreInit)
    USB_DeactivateEndpoint                   0x08002c4d   Thumb Code   194  stm32f4xx_ll_usb.o(i.USB_DeactivateEndpoint)
    USB_DevConnect                           0x08002d15   Thumb Code    24  stm32f4xx_ll_usb.o(i.USB_DevConnect)
    USB_DevDisconnect                        0x08002d2d   Thumb Code    24  stm32f4xx_ll_usb.o(i.USB_DevDisconnect)
    USB_DevInit                              0x08002d45   Thumb Code   304  stm32f4xx_ll_usb.o(i.USB_DevInit)
    USB_DisableGlobalInt                     0x08002e85   Thumb Code    12  stm32f4xx_ll_usb.o(i.USB_DisableGlobalInt)
    USB_EP0StartXfer                         0x08002e91   Thumb Code   314  stm32f4xx_ll_usb.o(i.USB_EP0StartXfer)
    USB_EP0_OutStart                         0x08002fd1   Thumb Code    62  stm32f4xx_ll_usb.o(i.USB_EP0_OutStart)
    USB_EPClearStall                         0x0800300f   Thumb Code   100  stm32f4xx_ll_usb.o(i.USB_EPClearStall)
    USB_EPSetStall                           0x08003073   Thumb Code    94  stm32f4xx_ll_usb.o(i.USB_EPSetStall)
    USB_EPStartXfer                          0x080030d1   Thumb Code   534  stm32f4xx_ll_usb.o(i.USB_EPStartXfer)
    USB_EnableGlobalInt                      0x080032ed   Thumb Code    12  stm32f4xx_ll_usb.o(i.USB_EnableGlobalInt)
    USB_FlushRxFifo                          0x080032f9   Thumb Code    28  stm32f4xx_ll_usb.o(i.USB_FlushRxFifo)
    USB_FlushTxFifo                          0x08003319   Thumb Code    32  stm32f4xx_ll_usb.o(i.USB_FlushTxFifo)
    USB_GetDevSpeed                          0x0800333d   Thumb Code    60  stm32f4xx_ll_usb.o(i.USB_GetDevSpeed)
    USB_GetMode                              0x08003379   Thumb Code     8  stm32f4xx_ll_usb.o(i.USB_GetMode)
    USB_ReadDevAllInEpInterrupt              0x08003381   Thumb Code    14  stm32f4xx_ll_usb.o(i.USB_ReadDevAllInEpInterrupt)
    USB_ReadDevAllOutEpInterrupt             0x0800338f   Thumb Code    14  stm32f4xx_ll_usb.o(i.USB_ReadDevAllOutEpInterrupt)
    USB_ReadDevInEPInterrupt                 0x0800339d   Thumb Code    30  stm32f4xx_ll_usb.o(i.USB_ReadDevInEPInterrupt)
    USB_ReadDevOutEPInterrupt                0x080033bb   Thumb Code    16  stm32f4xx_ll_usb.o(i.USB_ReadDevOutEPInterrupt)
    USB_ReadInterrupts                       0x080033cb   Thumb Code     8  stm32f4xx_ll_usb.o(i.USB_ReadInterrupts)
    USB_ReadPacket                           0x080033d3   Thumb Code    32  stm32f4xx_ll_usb.o(i.USB_ReadPacket)
    USB_SetCurrentMode                       0x080033f3   Thumb Code    44  stm32f4xx_ll_usb.o(i.USB_SetCurrentMode)
    USB_SetDevAddress                        0x0800341f   Thumb Code    34  stm32f4xx_ll_usb.o(i.USB_SetDevAddress)
    USB_WritePacket                          0x08003441   Thumb Code    38  stm32f4xx_ll_usb.o(i.USB_WritePacket)
    _Error_Handler                           0x08003467   Thumb Code     2  main.o(i._Error_Handler)
    rosserial_msgs::RequestParamResponse::deserialize(unsigned char*) 0x080036c1   Thumb Code   304  main.o(i._ZN14rosserial_msgs20RequestParamResponse11deserializeEPh)
    rosserial_msgs::RequestParamResponse::getMD5() 0x080037f1   Thumb Code     4  main.o(i._ZN14rosserial_msgs20RequestParamResponse6getMD5Ev)
    rosserial_msgs::RequestParamResponse::getType() 0x080037f9   Thumb Code     4  main.o(i._ZN14rosserial_msgs20RequestParamResponse7getTypeEv)
    rosserial_msgs::Log::getMD5()            0x08003801   Thumb Code     4  main.o(i._ZN14rosserial_msgs3Log6getMD5Ev)
    rosserial_msgs::Log::getType()           0x08003809   Thumb Code     4  main.o(i._ZN14rosserial_msgs3Log7getTypeEv)
    rosserial_msgs::TopicInfo::getMD5()      0x08003811   Thumb Code     4  main.o(i._ZN14rosserial_msgs9TopicInfo6getMD5Ev)
    rosserial_msgs::TopicInfo::getType()     0x08003819   Thumb Code     4  main.o(i._ZN14rosserial_msgs9TopicInfo7getTypeEv)
    ros::normalizeSecNSec(unsigned&, unsigned&) 0x08003821   Thumb Code    28  time.o(i._ZN3ros16normalizeSecNSecERjS0_)
    std_msgs::Time::deserialize(unsigned char*) 0x08003841   Thumb Code    62  main.o(i._ZN8std_msgs4Time11deserializeEPh)
    std_msgs::Time::getMD5()                 0x08003881   Thumb Code     4  main.o(i._ZN8std_msgs4Time6getMD5Ev)
    std_msgs::Time::getType()                0x08003889   Thumb Code     4  main.o(i._ZN8std_msgs4Time7getTypeEv)
    std_msgs::Time::Time()                   0x08003891   Thumb Code    12  main.o(i._ZN8std_msgs4TimeC1Ev)
    std_msgs::Time::Time__sub_object()       0x08003891   Thumb Code     0  main.o(i._ZN8std_msgs4TimeC1Ev)
    std_msgs::String::getMD5()               0x080038a1   Thumb Code     4  main.o(i._ZN8std_msgs6String6getMD5Ev)
    std_msgs::String::getType()              0x080038a9   Thumb Code     4  main.o(i._ZN8std_msgs6String7getTypeEv)
    rosserial_msgs::RequestParamResponse::serialize(unsigned char*) const 0x080038b1   Thumb Code   210  main.o(i._ZNK14rosserial_msgs20RequestParamResponse9serializeEPh)
    rosserial_msgs::Log::serialize(unsigned char*) const 0x08003983   Thumb Code    40  main.o(i._ZNK14rosserial_msgs3Log9serializeEPh)
    rosserial_msgs::TopicInfo::serialize(unsigned char*) const 0x080039ab   Thumb Code   130  main.o(i._ZNK14rosserial_msgs9TopicInfo9serializeEPh)
    std_msgs::Time::serialize(unsigned char*) const 0x08003a2d   Thumb Code    50  main.o(i._ZNK8std_msgs4Time9serializeEPh)
    std_msgs::String::serialize(unsigned char*) const 0x08003a5f   Thumb Code    36  main.o(i._ZNK8std_msgs6String9serializeEPh)
    getch                                    0x08003a85   Thumb Code    24  usbd_cdc_if.o(i.getch)
    main                                     0x08003aa5   Thumb Code   176  main.o(i.main)
    ros::NodeHandle_<STM32Hardware, (int)25, (int)25, (int)1024, (int)1024>::negotiateTopics() 0x08003b75   Thumb Code   198  main.o(t._ZN3ros11NodeHandle_I13STM32HardwareLi25ELi25ELi1024ELi1024EE15negotiateTopicsEv)
    ros::NodeHandle_<STM32Hardware, (int)25, (int)25, (int)1024, (int)1024>::requestSyncTime() 0x08003c45   Thumb Code    30  main.o(t._ZN3ros11NodeHandle_I13STM32HardwareLi25ELi25ELi1024ELi1024EE15requestSyncTimeEv)
    ros::NodeHandle_<STM32Hardware, (int)25, (int)25, (int)1024, (int)1024>::publish(int, const ros::Msg*) 0x08003c69   Thumb Code   178  main.o(t._ZN3ros11NodeHandle_I13STM32HardwareLi25ELi25ELi1024ELi1024EE7publishEiPKNS_3MsgE)
    ros::NodeHandle_<STM32Hardware, (int)25, (int)25, (int)1024, (int)1024>::spinOnce() 0x08003d25   Thumb Code   582  main.o(t._ZN3ros11NodeHandle_I13STM32HardwareLi25ELi25ELi1024ELi1024EE8spinOnceEv)
    ros::NodeHandle_<STM32Hardware, (int)25, (int)25, (int)1024, (int)1024>::NodeHandle_() 0x08003f7d   Thumb Code   118  main.o(t._ZN3ros11NodeHandle_I13STM32HardwareLi25ELi25ELi1024ELi1024EEC1Ev)
    ros::NodeHandle_<STM32Hardware, (int)25, (int)25, (int)1024, (int)1024>::NodeHandle___sub_object() 0x08003f7d   Thumb Code     0  main.o(t._ZN3ros11NodeHandle_I13STM32HardwareLi25ELi25ELi1024ELi1024EEC1Ev)
    void ros::Msg::arrToVar<unsigned, unsigned char*>(T1&, T2) 0x08003ffd   Thumb Code    26  main.o(t._ZN3ros3Msg8arrToVarIjPhEEvRT_T0_)
    void ros::Msg::varToArr<unsigned char*, unsigned>(T1, T2) 0x08004017   Thumb Code    18  main.o(t._ZN3ros3Msg8varToArrIPhjEEvT_T0_)
    _fp_init                                 0x08004029   Thumb Code    10  fpinit.o(x$fpl$fpinit)
    __fplib_config_fpu_vfp                   0x08004031   Thumb Code     0  fpinit.o(x$fpl$fpinit)
    __fplib_config_pureend_doubles           0x08004031   Thumb Code     0  fpinit.o(x$fpl$fpinit)
    AHBPrescTable                            0x08004032   Data          16  system_stm32f4xx.o(.constdata)
    vtable for rosserial_msgs::RequestParamResponse 0x08004060   Data          24  main.o(.constdata__ZTVN14rosserial_msgs20RequestParamResponseE)
    vtable for rosserial_msgs::Log           0x08004078   Data          24  main.o(.constdata__ZTVN14rosserial_msgs3LogE)
    vtable for rosserial_msgs::TopicInfo     0x08004090   Data          24  main.o(.constdata__ZTVN14rosserial_msgs9TopicInfoE)
    vtable for ros::NodeHandle_<STM32Hardware, (int)25, (int)25, (int)1024, (int)1024> 0x080040a8   Data          20  main.o(.constdata__ZTVN3ros11NodeHandle_I13STM32HardwareLi25ELi25ELi1024ELi1024EEE)
    vtable for std_msgs::Time                0x080040bc   Data          24  main.o(.constdata__ZTVN8std_msgs4TimeE)
    vtable for std_msgs::String              0x080040d4   Data          24  main.o(.constdata__ZTVN8std_msgs6StringE)
    rosserial_msgs::RequestParamResponse::getMD5()::string 0x080040ec   Data          33  main.o(.constdata__ZZN14rosserial_msgs20RequestParamResponse6getMD5EvEs)
    rosserial_msgs::Log::getMD5()::string    0x0800410d   Data          33  main.o(.constdata__ZZN14rosserial_msgs3Log6getMD5EvEs)
    rosserial_msgs::Log::getType()::string   0x0800412e   Data          19  main.o(.constdata__ZZN14rosserial_msgs3Log7getTypeEvEs)
    rosserial_msgs::TopicInfo::getMD5()::string 0x08004141   Data          33  main.o(.constdata__ZZN14rosserial_msgs9TopicInfo6getMD5EvEs)
    rosserial_msgs::TopicInfo::getType()::string 0x08004162   Data          25  main.o(.constdata__ZZN14rosserial_msgs9TopicInfo7getTypeEvEs)
    rosserial_msgs::TopicInfo::TopicInfo()::string 0x0800417b   Data           1  main.o(.constdata__ZZN14rosserial_msgs9TopicInfoC1EvEs)
    ros::NodeHandle_<STM32Hardware, (int)25, (int)25, (int)1024, (int)1024>::publish(int, const ros::Msg*)::string 0x0800417c   Data          57  main.o(.constdata__ZZN3ros11NodeHandle_I13STM32HardwareLi25ELi25ELi1024ELi1024EE7publishEiPKNS_3MsgEEs)
    std_msgs::Time::getMD5()::string         0x080041b5   Data          33  main.o(.constdata__ZZN8std_msgs4Time6getMD5EvEs)
    std_msgs::Time::getType()::string        0x080041d6   Data          14  main.o(.constdata__ZZN8std_msgs4Time7getTypeEvEs)
    std_msgs::String::getMD5()::string       0x080041e4   Data          33  main.o(.constdata__ZZN8std_msgs6String6getMD5EvEs)
    std_msgs::String::getType()::string      0x08004205   Data          16  main.o(.constdata__ZZN8std_msgs6String7getTypeEvEs)
    std_msgs::String::String()::string       0x08004215   Data           1  main.o(.constdata__ZZN8std_msgs6StringC1EvEs)
    Region$$Table$$Base                      0x08004218   Number         0  anon$$obj.o(Region$$Table)
    Region$$Table$$Limit                     0x08004238   Number         0  anon$$obj.o(Region$$Table)
    uwTick                                   0x20000000   Data           4  stm32f4xx_hal.o(.data)
    SystemCoreClock                          0x20000004   Data           4  system_stm32f4xx.o(.data)
    USBD_CDC_CfgHSDesc                       0x2000001c   Data          67  usbd_cdc.o(.data)
    USBD_CDC_CfgFSDesc                       0x20000060   Data          67  usbd_cdc.o(.data)
    USBD_CDC_OtherSpeedCfgDesc               0x200000a4   Data          67  usbd_cdc.o(.data)
    USBD_CDC                                 0x200000e8   Data          56  usbd_cdc.o(.data)
    UserTxBufPtrIn                           0x20000120   Data           4  usbd_cdc_if.o(.data)
    UserTxBufPtrOut                          0x20000124   Data           4  usbd_cdc_if.o(.data)
    LineCoding                               0x20000128   Data           8  usbd_cdc_if.o(.data)
    USBD_Interface_fops_FS                   0x20000130   Data          16  usbd_cdc_if.o(.data)
    MILLISEONS                               0x20000140   Data           8  stm32f4xx_it.o(.data)
    FS_Desc                                  0x20000148   Data          28  usbd_desc.o(.data)
    USBD_LangIDDesc                          0x20000164   Data           4  usbd_desc.o(.data)
    USBD_FS_DeviceDesc                       0x20000168   Data          18  usbd_desc.o(.data)
    htim1                                    0x2000017c   Data          60  main.o(.bss)
    htim3                                    0x200001b8   Data          60  main.o(.bss)
    hpcd_USB_OTG_FS                          0x200001f4   Data        1008  usbd_conf.o(.bss)
    UserRxBufferFS                           0x200005e4   Data        1024  usbd_cdc_if.o(.bss)
    UserTxBufferFS                           0x200009e4   Data        1024  usbd_cdc_if.o(.bss)
    hUsbDeviceFS                             0x20000de4   Data         548  usb_device.o(.bss)
    USBD_StrDesc                             0x20001008   Data         512  usbd_desc.o(.bss)
    __libspace_start                         0x20001208   Data          96  libspace.o(.bss)
    __temporary_stack_top$libspace           0x20001268   Data           0  libspace.o(.bss)



==============================================================================

Memory Map of the image

  Image Entry point : 0x08000189

  Load Region LR_IROM1 (Base: 0x08000000, Size: 0x000043b4, Max: 0x00100000, ABSOLUTE, COMPRESSED[0x000042fc])

    Execution Region ER_IROM1 (Base: 0x08000000, Size: 0x00004238, Max: 0x00100000, ABSOLUTE)

    Base Addr    Size         Type   Attr      Idx    E Section Name        Object

    0x08000000   0x00000188   Data   RO         2556    RESET               startup_stm32f407xx.o
    0x08000188   0x00000008   Code   RO         4067  * !!!main             c_w.l(__main.o)
    0x08000190   0x00000034   Code   RO         4433    !!!scatter          c_w.l(__scatter.o)
    0x080001c4   0x0000005a   Code   RO         4431    !!dczerorl2         c_w.l(__dczerorl2.o)
    0x0800021e   0x00000002   PAD
    0x08000220   0x0000001c   Code   RO         4435    !!handler_zi        c_w.l(__scatter_zi.o)
    0x0800023c   0x00000002   Code   RO         4363    .ARM.Collect$$libinit$$00000000  c_w.l(libinit.o)
    0x0800023e   0x00000004   Code   RO         4217    .ARM.Collect$$libinit$$00000001  c_w.l(libinit2.o)
    0x08000242   0x00000000   Code   RO         4220    .ARM.Collect$$libinit$$00000004  c_w.l(libinit2.o)
    0x08000242   0x00000008   Code   RO         4221    .ARM.Collect$$libinit$$00000005  c_w.l(libinit2.o)
    0x0800024a   0x00000000   Code   RO         4223    .ARM.Collect$$libinit$$0000000A  c_w.l(libinit2.o)
    0x0800024a   0x00000000   Code   RO         4225    .ARM.Collect$$libinit$$0000000C  c_w.l(libinit2.o)
    0x0800024a   0x00000000   Code   RO         4227    .ARM.Collect$$libinit$$0000000E  c_w.l(libinit2.o)
    0x0800024a   0x00000000   Code   RO         4230    .ARM.Collect$$libinit$$00000011  c_w.l(libinit2.o)
    0x0800024a   0x00000000   Code   RO         4232    .ARM.Collect$$libinit$$00000013  c_w.l(libinit2.o)
    0x0800024a   0x00000000   Code   RO         4234    .ARM.Collect$$libinit$$00000015  c_w.l(libinit2.o)
    0x0800024a   0x00000000   Code   RO         4236    .ARM.Collect$$libinit$$00000017  c_w.l(libinit2.o)
    0x0800024a   0x00000000   Code   RO         4238    .ARM.Collect$$libinit$$00000019  c_w.l(libinit2.o)
    0x0800024a   0x00000000   Code   RO         4240    .ARM.Collect$$libinit$$0000001B  c_w.l(libinit2.o)
    0x0800024a   0x00000000   Code   RO         4242    .ARM.Collect$$libinit$$0000001D  c_w.l(libinit2.o)
    0x0800024a   0x00000000   Code   RO         4244    .ARM.Collect$$libinit$$0000001F  c_w.l(libinit2.o)
    0x0800024a   0x00000000   Code   RO         4246    .ARM.Collect$$libinit$$00000021  c_w.l(libinit2.o)
    0x0800024a   0x00000000   Code   RO         4248    .ARM.Collect$$libinit$$00000023  c_w.l(libinit2.o)
    0x0800024a   0x00000000   Code   RO         4250    .ARM.Collect$$libinit$$00000025  c_w.l(libinit2.o)
    0x0800024a   0x00000000   Code   RO         4254    .ARM.Collect$$libinit$$0000002C  c_w.l(libinit2.o)
    0x0800024a   0x00000000   Code   RO         4256    .ARM.Collect$$libinit$$0000002E  c_w.l(libinit2.o)
    0x0800024a   0x00000000   Code   RO         4258    .ARM.Collect$$libinit$$00000030  c_w.l(libinit2.o)
    0x0800024a   0x00000000   Code   RO         4260    .ARM.Collect$$libinit$$00000032  c_w.l(libinit2.o)
    0x0800024a   0x00000002   Code   RO         4261    .ARM.Collect$$libinit$$00000033  c_w.l(libinit2.o)
    0x0800024c   0x00000002   Code   RO         4428    .ARM.Collect$$libshutdown$$00000000  c_w.l(libshutdown.o)
    0x0800024e   0x00000000   Code   RO         4384    .ARM.Collect$$libshutdown$$00000002  c_w.l(libshutdown2.o)
    0x0800024e   0x00000000   Code   RO         4386    .ARM.Collect$$libshutdown$$00000004  c_w.l(libshutdown2.o)
    0x0800024e   0x00000000   Code   RO         4389    .ARM.Collect$$libshutdown$$00000007  c_w.l(libshutdown2.o)
    0x0800024e   0x00000000   Code   RO         4392    .ARM.Collect$$libshutdown$$0000000A  c_w.l(libshutdown2.o)
    0x0800024e   0x00000000   Code   RO         4394    .ARM.Collect$$libshutdown$$0000000C  c_w.l(libshutdown2.o)
    0x0800024e   0x00000000   Code   RO         4397    .ARM.Collect$$libshutdown$$0000000F  c_w.l(libshutdown2.o)
    0x0800024e   0x00000002   Code   RO         4398    .ARM.Collect$$libshutdown$$00000010  c_w.l(libshutdown2.o)
    0x08000250   0x00000000   Code   RO         4189    .ARM.Collect$$rtentry$$00000000  c_w.l(__rtentry.o)
    0x08000250   0x00000000   Code   RO         4286    .ARM.Collect$$rtentry$$00000002  c_w.l(__rtentry2.o)
    0x08000250   0x00000006   Code   RO         4298    .ARM.Collect$$rtentry$$00000004  c_w.l(__rtentry4.o)
    0x08000256   0x00000000   Code   RO         4288    .ARM.Collect$$rtentry$$00000009  c_w.l(__rtentry2.o)
    0x08000256   0x00000004   Code   RO         4289    .ARM.Collect$$rtentry$$0000000A  c_w.l(__rtentry2.o)
    0x0800025a   0x00000000   Code   RO         4291    .ARM.Collect$$rtentry$$0000000C  c_w.l(__rtentry2.o)
    0x0800025a   0x00000008   Code   RO         4292    .ARM.Collect$$rtentry$$0000000D  c_w.l(__rtentry2.o)
    0x08000262   0x00000002   Code   RO         4369    .ARM.Collect$$rtexit$$00000000  c_w.l(rtexit.o)
    0x08000264   0x00000000   Code   RO         4402    .ARM.Collect$$rtexit$$00000002  c_w.l(rtexit2.o)
    0x08000264   0x00000004   Code   RO         4403    .ARM.Collect$$rtexit$$00000003  c_w.l(rtexit2.o)
    0x08000268   0x00000006   Code   RO         4404    .ARM.Collect$$rtexit$$00000004  c_w.l(rtexit2.o)
    0x0800026e   0x00000002   PAD
    0x08000270   0x00000000   Code   RO         4302    .emb_text           c_w.l(maybetermalloc1.o)
    0x08000270   0x00000040   Code   RO         2557    .text               startup_stm32f407xx.o
    0x080002b0   0x0000005e   Code   RO         3997    .text               c_w.l(h1_alloc.o)
    0x0800030e   0x0000004e   Code   RO         3999    .text               c_w.l(h1_free.o)
    0x0800035c   0x000000b8   Code   RO         4001    .text               c_w.l(h1_realloc.o)
    0x08000414   0x0000003e   Code   RO         4059    .text               c_w.l(strlen.o)
    0x08000452   0x0000008a   Code   RO         4061    .text               c_w.l(rt_memcpy_v6.o)
    0x080004dc   0x00000064   Code   RO         4063    .text               c_w.l(rt_memcpy_w.o)
    0x08000540   0x00000006   Code   RO         4065    .text               c_w.l(heapauxi.o)
    0x08000546   0x00000002   PAD
    0x08000548   0x00000008   Code   RO         4193    .text               c_w.l(rt_heap_descriptor_intlibspace.o)
    0x08000550   0x00000004   Code   RO         4195    .text               c_w.l(hguard.o)
    0x08000554   0x0000008a   Code   RO         4197    .text               c_w.l(init_alloc.o)
    0x080005de   0x0000000e   Code   RO         4201    .text               c_w.l(h1_init.o)
    0x080005ec   0x00000008   Code   RO         4282    .text               c_w.l(libspace.o)
    0x080005f4   0x00000034   Code   RO         4304    .text               c_w.l(h1_extend.o)
    0x08000628   0x0000000e   Code   RO         4308    .text               c_w.l(defsig_rtmem_outer.o)
    0x08000636   0x00000002   Code   RO         4332    .text               c_w.l(use_no_semi.o)
    0x08000638   0x00000000   Code   RO         4334    .text               c_w.l(indicate_semi.o)
    0x08000638   0x0000004a   Code   RO         4335    .text               c_w.l(sys_stackheap_outer.o)
    0x08000682   0x00000012   Code   RO         4346    .text               c_w.l(exit.o)
    0x08000694   0x0000000a   Code   RO         4350    .text               c_w.l(defsig_exit.o)
    0x0800069e   0x00000002   PAD
    0x080006a0   0x00000050   Code   RO         4352    .text               c_w.l(defsig_rtmem_inner.o)
    0x080006f0   0x0000000c   Code   RO         4367    .text               c_w.l(sys_exit.o)
    0x080006fc   0x00000032   Code   RO         4377    .text               c_w.l(defsig_general.o)
    0x0800072e   0x0000000e   Code   RO         4399    .text               c_w.l(sys_wrch.o)
    0x0800073c   0x00000034   Code   RO         3663    i.CDC_Control_FS    usbd_cdc_if.o
    0x08000770   0x00000004   Code   RO         3664    i.CDC_DeInit_FS     usbd_cdc_if.o
    0x08000774   0x00000024   Code   RO         3665    i.CDC_Init_FS       usbd_cdc_if.o
    0x08000798   0x00000044   Code   RO         3666    i.CDC_Receive_FS    usbd_cdc_if.o
    0x080007dc   0x0000002c   Code   RO         3667    i.CDC_Transmit_FS   usbd_cdc_if.o
    0x08000808   0x0000001c   Code   RO         1242    i.HAL_Delay         stm32f4xx_hal.o
    0x08000824   0x000001c0   Code   RO          577    i.HAL_GPIO_Init     stm32f4xx_hal_gpio.o
    0x080009e4   0x0000000a   Code   RO          581    i.HAL_GPIO_WritePin  stm32f4xx_hal_gpio.o
    0x080009ee   0x00000002   PAD
    0x080009f0   0x0000000c   Code   RO         1248    i.HAL_GetTick       stm32f4xx_hal.o
    0x080009fc   0x00000010   Code   RO         1250    i.HAL_IncTick       stm32f4xx_hal.o
    0x08000a0c   0x00000034   Code   RO         1251    i.HAL_Init          stm32f4xx_hal.o
    0x08000a40   0x00000028   Code   RO         1252    i.HAL_InitTick      stm32f4xx_hal.o
    0x08000a68   0x00000058   Code   RO         3765    i.HAL_MspInit       stm32f4xx_hal_msp.o
    0x08000ac0   0x00000016   Code   RO          326    i.HAL_NVIC_EnableIRQ  stm32f4xx_hal_cortex.o
    0x08000ad6   0x00000002   PAD
    0x08000ad8   0x00000040   Code   RO          332    i.HAL_NVIC_SetPriority  stm32f4xx_hal_cortex.o
    0x08000b18   0x00000024   Code   RO          333    i.HAL_NVIC_SetPriorityGrouping  stm32f4xx_hal_cortex.o
    0x08000b3c   0x00000008   Code   RO          922    i.HAL_PCDEx_SetRxFiFo  stm32f4xx_hal_pcd_ex.o
    0x08000b44   0x00000044   Code   RO          923    i.HAL_PCDEx_SetTxFiFo  stm32f4xx_hal_pcd_ex.o
    0x08000b88   0x00000008   Code   RO         3474    i.HAL_PCD_ConnectCallback  usbd_conf.o
    0x08000b90   0x00000012   Code   RO         3475    i.HAL_PCD_DataInStageCallback  usbd_conf.o
    0x08000ba2   0x00000014   Code   RO         3476    i.HAL_PCD_DataOutStageCallback  usbd_conf.o
    0x08000bb6   0x00000008   Code   RO         3477    i.HAL_PCD_DisconnectCallback  usbd_conf.o
    0x08000bbe   0x00000044   Code   RO           13    i.HAL_PCD_EP_Close  stm32f4xx_hal_pcd.o
    0x08000c02   0x00000050   Code   RO           14    i.HAL_PCD_EP_ClrStall  stm32f4xx_hal_pcd.o
    0x08000c52   0x00000014   Code   RO           16    i.HAL_PCD_EP_GetRxCount  stm32f4xx_hal_pcd.o
    0x08000c66   0x00000054   Code   RO           17    i.HAL_PCD_EP_Open   stm32f4xx_hal_pcd.o
    0x08000cba   0x00000048   Code   RO           18    i.HAL_PCD_EP_Receive  stm32f4xx_hal_pcd.o
    0x08000d02   0x00000060   Code   RO           19    i.HAL_PCD_EP_SetStall  stm32f4xx_hal_pcd.o
    0x08000d62   0x00000040   Code   RO           20    i.HAL_PCD_EP_Transmit  stm32f4xx_hal_pcd.o
    0x08000da2   0x00000002   PAD
    0x08000da4   0x000004e8   Code   RO           22    i.HAL_PCD_IRQHandler  stm32f4xx_hal_pcd.o
    0x0800128c   0x00000008   Code   RO         3478    i.HAL_PCD_ISOINIncompleteCallback  usbd_conf.o
    0x08001294   0x00000008   Code   RO         3479    i.HAL_PCD_ISOOUTIncompleteCallback  usbd_conf.o
    0x0800129c   0x000000bc   Code   RO           25    i.HAL_PCD_Init      stm32f4xx_hal_pcd.o
    0x08001358   0x00000078   Code   RO         3481    i.HAL_PCD_MspInit   usbd_conf.o
    0x080013d0   0x00000020   Code   RO         3482    i.HAL_PCD_ResetCallback  usbd_conf.o
    0x080013f0   0x00000008   Code   RO         3483    i.HAL_PCD_ResumeCallback  usbd_conf.o
    0x080013f8   0x00000008   Code   RO         3484    i.HAL_PCD_SOFCallback  usbd_conf.o
    0x08001400   0x00000024   Code   RO           31    i.HAL_PCD_SetAddress  stm32f4xx_hal_pcd.o
    0x08001424   0x0000000e   Code   RO         3485    i.HAL_PCD_SetupStageCallback  usbd_conf.o
    0x08001432   0x0000002a   Code   RO           33    i.HAL_PCD_Start     stm32f4xx_hal_pcd.o
    0x0800145c   0x00000030   Code   RO         3486    i.HAL_PCD_SuspendCallback  usbd_conf.o
    0x0800148c   0x00000174   Code   RO          761    i.HAL_RCC_ClockConfig  stm32f4xx_hal_rcc.o
    0x08001600   0x0000000c   Code   RO          766    i.HAL_RCC_GetHCLKFreq  stm32f4xx_hal_rcc.o
    0x0800160c   0x00000070   Code   RO          770    i.HAL_RCC_GetSysClockFreq  stm32f4xx_hal_rcc.o
    0x0800167c   0x00000314   Code   RO          773    i.HAL_RCC_OscConfig  stm32f4xx_hal_rcc.o
    0x08001990   0x00000018   Code   RO          335    i.HAL_SYSTICK_CLKSourceConfig  stm32f4xx_hal_cortex.o
    0x080019a8   0x00000002   Code   RO          336    i.HAL_SYSTICK_Callback  stm32f4xx_hal_cortex.o
    0x080019aa   0x00000028   Code   RO          337    i.HAL_SYSTICK_Config  stm32f4xx_hal_cortex.o
    0x080019d2   0x00000008   Code   RO          338    i.HAL_SYSTICK_IRQHandler  stm32f4xx_hal_cortex.o
    0x080019da   0x00000050   Code   RO         1511    i.HAL_TIMEx_MasterConfigSynchronization  stm32f4xx_hal_tim_ex.o
    0x08001a2a   0x00000036   Code   RO         1836    i.HAL_TIM_Base_Init  stm32f4xx_hal_tim.o
    0x08001a60   0x00000028   Code   RO         3767    i.HAL_TIM_Base_MspInit  stm32f4xx_hal_msp.o
    0x08001a88   0x00000096   Code   RO         1854    i.HAL_TIM_Encoder_Init  stm32f4xx_hal_tim.o
    0x08001b1e   0x00000002   PAD
    0x08001b20   0x00000060   Code   RO         3769    i.HAL_TIM_Encoder_MspInit  stm32f4xx_hal_msp.o
    0x08001b80   0x00000042   Code   RO         1917    i.HAL_TIM_SlaveConfigSynchronization  stm32f4xx_hal_tim.o
    0x08001bc2   0x00000002   PAD
    0x08001bc4   0x00000038   Code   RO         3731    i.MX_USB_DEVICE_Init  usb_device.o
    0x08001bfc   0x00000020   Code   RO          339    i.NVIC_SetPriority  stm32f4xx_hal_cortex.o
    0x08001c1c   0x0000000c   Code   RO         3813    i.OTG_FS_IRQHandler  stm32f4xx_it.o
    0x08001c28   0x00000086   Code   RO           36    i.PCD_WriteEmptyTxFifo  stm32f4xx_hal_pcd.o
    0x08001cae   0x00000002   PAD
    0x08001cb0   0x00000024   Code   RO         3814    i.SysTick_Handler   stm32f4xx_it.o
    0x08001cd4   0x0000009c   Code   RO         2958    i.SystemClock_Config  main.o
    0x08001d70   0x00000054   Code   RO         2520    i.SystemInit        system_stm32f4xx.o
    0x08001dc4   0x000000c0   Code   RO         1920    i.TIM_Base_SetConfig  stm32f4xx_hal_tim.o
    0x08001e84   0x00000014   Code   RO         1927    i.TIM_ETR_SetConfig  stm32f4xx_hal_tim.o
    0x08001e98   0x0000007c   Code   RO         1933    i.TIM_SlaveTimer_SetConfig  stm32f4xx_hal_tim.o
    0x08001f14   0x00000022   Code   RO         1934    i.TIM_TI1_ConfigInputStage  stm32f4xx_hal_tim.o
    0x08001f36   0x00000024   Code   RO         1936    i.TIM_TI2_ConfigInputStage  stm32f4xx_hal_tim.o
    0x08001f5a   0x00000014   Code   RO         2650    i.USBD_CDC_DataIn   usbd_cdc.o
    0x08001f6e   0x0000002e   Code   RO         2651    i.USBD_CDC_DataOut  usbd_cdc.o
    0x08001f9c   0x0000003c   Code   RO         2652    i.USBD_CDC_DeInit   usbd_cdc.o
    0x08001fd8   0x00000024   Code   RO         2653    i.USBD_CDC_EP0_RxReady  usbd_cdc.o
    0x08001ffc   0x0000000c   Code   RO         2654    i.USBD_CDC_GetDeviceQualifierDescriptor  usbd_cdc.o
    0x08002008   0x0000000c   Code   RO         2655    i.USBD_CDC_GetFSCfgDesc  usbd_cdc.o
    0x08002014   0x0000000c   Code   RO         2656    i.USBD_CDC_GetHSCfgDesc  usbd_cdc.o
    0x08002020   0x0000000c   Code   RO         2657    i.USBD_CDC_GetOtherSpeedCfgDesc  usbd_cdc.o
    0x0800202c   0x00000088   Code   RO         2658    i.USBD_CDC_Init     usbd_cdc.o
    0x080020b4   0x00000028   Code   RO         2659    i.USBD_CDC_ReceivePacket  usbd_cdc.o
    0x080020dc   0x00000010   Code   RO         2660    i.USBD_CDC_RegisterInterface  usbd_cdc.o
    0x080020ec   0x0000000c   Code   RO         2661    i.USBD_CDC_SetRxBuffer  usbd_cdc.o
    0x080020f8   0x00000010   Code   RO         2662    i.USBD_CDC_SetTxBuffer  usbd_cdc.o
    0x08002108   0x00000070   Code   RO         2663    i.USBD_CDC_Setup    usbd_cdc.o
    0x08002178   0x00000030   Code   RO         2664    i.USBD_CDC_TransmitPacket  usbd_cdc.o
    0x080021a8   0x0000000e   Code   RO         2820    i.USBD_ClrClassConfig  usbd_core.o
    0x080021b6   0x00000010   Code   RO         2760    i.USBD_CtlContinueRx  usbd_ioreq.o
    0x080021c6   0x00000010   Code   RO         2761    i.USBD_CtlContinueSendData  usbd_ioreq.o
    0x080021d6   0x00000016   Code   RO         2564    i.USBD_CtlError     usbd_ctlreq.o
    0x080021ec   0x0000001e   Code   RO         2762    i.USBD_CtlPrepareRx  usbd_ioreq.o
    0x0800220a   0x00000016   Code   RO         2763    i.USBD_CtlReceiveStatus  usbd_ioreq.o
    0x08002220   0x0000001a   Code   RO         2764    i.USBD_CtlSendData  usbd_ioreq.o
    0x0800223a   0x00000016   Code   RO         2765    i.USBD_CtlSendStatus  usbd_ioreq.o
    0x08002250   0x00000020   Code   RO         3850    i.USBD_FS_ConfigStrDescriptor  usbd_desc.o
    0x08002270   0x0000000c   Code   RO         3851    i.USBD_FS_DeviceDescriptor  usbd_desc.o
    0x0800227c   0x00000024   Code   RO         3852    i.USBD_FS_InterfaceStrDescriptor  usbd_desc.o
    0x080022a0   0x0000000c   Code   RO         3853    i.USBD_FS_LangIDStrDescriptor  usbd_desc.o
    0x080022ac   0x00000028   Code   RO         3854    i.USBD_FS_ManufacturerStrDescriptor  usbd_desc.o
    0x080022d4   0x0000002c   Code   RO         3855    i.USBD_FS_ProductStrDescriptor  usbd_desc.o
    0x08002300   0x00000024   Code   RO         3856    i.USBD_FS_SerialStrDescriptor  usbd_desc.o
    0x08002324   0x000000e0   Code   RO         2565    i.USBD_GetDescriptor  usbd_ctlreq.o
    0x08002404   0x00000046   Code   RO         2566    i.USBD_GetString    usbd_ctlreq.o
    0x0800244a   0x0000002a   Code   RO         2822    i.USBD_Init         usbd_core.o
    0x08002474   0x00000020   Code   RO         3487    i.USBD_LL_ClearStallEP  usbd_conf.o
    0x08002494   0x00000020   Code   RO         3488    i.USBD_LL_CloseEP   usbd_conf.o
    0x080024b4   0x000000aa   Code   RO         2823    i.USBD_LL_DataInStage  usbd_core.o
    0x0800255e   0x0000006a   Code   RO         2824    i.USBD_LL_DataOutStage  usbd_core.o
    0x080025c8   0x00000004   Code   RO         2825    i.USBD_LL_DevConnected  usbd_core.o
    0x080025cc   0x00000016   Code   RO         2826    i.USBD_LL_DevDisconnected  usbd_core.o
    0x080025e2   0x00000008   Code   RO         3492    i.USBD_LL_GetRxDataSize  usbd_conf.o
    0x080025ea   0x00000002   PAD
    0x080025ec   0x0000007c   Code   RO         3493    i.USBD_LL_Init      usbd_conf.o
    0x08002668   0x00000020   Code   RO         3494    i.USBD_LL_IsStallEP  usbd_conf.o
    0x08002688   0x00000004   Code   RO         2827    i.USBD_LL_IsoINIncomplete  usbd_core.o
    0x0800268c   0x00000004   Code   RO         2828    i.USBD_LL_IsoOUTIncomplete  usbd_core.o
    0x08002690   0x00000026   Code   RO         3495    i.USBD_LL_OpenEP    usbd_conf.o
    0x080026b6   0x00000020   Code   RO         3496    i.USBD_LL_PrepareReceive  usbd_conf.o
    0x080026d6   0x0000003e   Code   RO         2829    i.USBD_LL_Reset     usbd_core.o
    0x08002714   0x0000000c   Code   RO         2830    i.USBD_LL_Resume    usbd_core.o
    0x08002720   0x00000018   Code   RO         2831    i.USBD_LL_SOF       usbd_core.o
    0x08002738   0x00000006   Code   RO         2832    i.USBD_LL_SetSpeed  usbd_core.o
    0x0800273e   0x00000020   Code   RO         3497    i.USBD_LL_SetUSBAddress  usbd_conf.o
    0x0800275e   0x0000005a   Code   RO         2833    i.USBD_LL_SetupStage  usbd_core.o
    0x080027b8   0x00000020   Code   RO         3498    i.USBD_LL_StallEP   usbd_conf.o
    0x080027d8   0x00000020   Code   RO         3499    i.USBD_LL_Start     usbd_conf.o
    0x080027f8   0x00000012   Code   RO         2834    i.USBD_LL_Suspend   usbd_core.o
    0x0800280a   0x00000020   Code   RO         3501    i.USBD_LL_Transmit  usbd_conf.o
    0x0800282a   0x00000028   Code   RO         2567    i.USBD_ParseSetupRequest  usbd_ctlreq.o
    0x08002852   0x00000010   Code   RO         2835    i.USBD_RegisterClass  usbd_core.o
    0x08002862   0x00000016   Code   RO         2837    i.USBD_SetClassConfig  usbd_core.o
    0x08002878   0x00000074   Code   RO         2568    i.USBD_SetConfig    usbd_ctlreq.o
    0x080028ec   0x0000000a   Code   RO         2838    i.USBD_Start        usbd_core.o
    0x080028f6   0x000000f2   Code   RO         2569    i.USBD_StdDevReq    usbd_ctlreq.o
    0x080029e8   0x000000dc   Code   RO         2570    i.USBD_StdEPReq     usbd_ctlreq.o
    0x08002ac4   0x00000034   Code   RO         2571    i.USBD_StdItfReq    usbd_ctlreq.o
    0x08002af8   0x00000080   Code   RO          953    i.USB_ActivateEndpoint  stm32f4xx_ll_usb.o
    0x08002b78   0x00000034   Code   RO          954    i.USB_ActivateSetup  stm32f4xx_ll_usb.o
    0x08002bac   0x0000006c   Code   RO          956    i.USB_CoreInit      stm32f4xx_ll_usb.o
    0x08002c18   0x00000034   Code   RO          957    i.USB_CoreReset     stm32f4xx_ll_usb.o
    0x08002c4c   0x000000c8   Code   RO          959    i.USB_DeactivateEndpoint  stm32f4xx_ll_usb.o
    0x08002d14   0x00000018   Code   RO          960    i.USB_DevConnect    stm32f4xx_ll_usb.o
    0x08002d2c   0x00000018   Code   RO          961    i.USB_DevDisconnect  stm32f4xx_ll_usb.o
    0x08002d44   0x00000140   Code   RO          962    i.USB_DevInit       stm32f4xx_ll_usb.o
    0x08002e84   0x0000000c   Code   RO          963    i.USB_DisableGlobalInt  stm32f4xx_ll_usb.o
    0x08002e90   0x00000140   Code   RO          966    i.USB_EP0StartXfer  stm32f4xx_ll_usb.o
    0x08002fd0   0x0000003e   Code   RO          967    i.USB_EP0_OutStart  stm32f4xx_ll_usb.o
    0x0800300e   0x00000064   Code   RO          968    i.USB_EPClearStall  stm32f4xx_ll_usb.o
    0x08003072   0x0000005e   Code   RO          969    i.USB_EPSetStall    stm32f4xx_ll_usb.o
    0x080030d0   0x0000021c   Code   RO          970    i.USB_EPStartXfer   stm32f4xx_ll_usb.o
    0x080032ec   0x0000000c   Code   RO          971    i.USB_EnableGlobalInt  stm32f4xx_ll_usb.o
    0x080032f8   0x00000020   Code   RO          972    i.USB_FlushRxFifo   stm32f4xx_ll_usb.o
    0x08003318   0x00000024   Code   RO          973    i.USB_FlushTxFifo   stm32f4xx_ll_usb.o
    0x0800333c   0x0000003c   Code   RO          975    i.USB_GetDevSpeed   stm32f4xx_ll_usb.o
    0x08003378   0x00000008   Code   RO          977    i.USB_GetMode       stm32f4xx_ll_usb.o
    0x08003380   0x0000000e   Code   RO          984    i.USB_ReadDevAllInEpInterrupt  stm32f4xx_ll_usb.o
    0x0800338e   0x0000000e   Code   RO          985    i.USB_ReadDevAllOutEpInterrupt  stm32f4xx_ll_usb.o
    0x0800339c   0x0000001e   Code   RO          986    i.USB_ReadDevInEPInterrupt  stm32f4xx_ll_usb.o
    0x080033ba   0x00000010   Code   RO          987    i.USB_ReadDevOutEPInterrupt  stm32f4xx_ll_usb.o
    0x080033ca   0x00000008   Code   RO          988    i.USB_ReadInterrupts  stm32f4xx_ll_usb.o
    0x080033d2   0x00000020   Code   RO          989    i.USB_ReadPacket    stm32f4xx_ll_usb.o
    0x080033f2   0x0000002c   Code   RO          991    i.USB_SetCurrentMode  stm32f4xx_ll_usb.o
    0x0800341e   0x00000022   Code   RO          992    i.USB_SetDevAddress  stm32f4xx_ll_usb.o
    0x08003440   0x00000026   Code   RO          996    i.USB_WritePacket   stm32f4xx_ll_usb.o
    0x08003466   0x00000002   Code   RO         2959    i._Error_Handler    main.o
    0x08003468   0x000001b0   Code   RO         2960    i._Z12MX_GPIO_Initv  main.o
    0x08003618   0x00000054   Code   RO         2961    i._Z12MX_TIM1_Initv  main.o
    0x0800366c   0x00000054   Code   RO         2962    i._Z12MX_TIM3_Initv  main.o
    0x080036c0   0x00000130   Code   RO         3026    i._ZN14rosserial_msgs20RequestParamResponse11deserializeEPh  main.o
    0x080037f0   0x00000008   Code   RO         3192    i._ZN14rosserial_msgs20RequestParamResponse6getMD5Ev  main.o
    0x080037f8   0x00000008   Code   RO         3186    i._ZN14rosserial_msgs20RequestParamResponse7getTypeEv  main.o
    0x08003800   0x00000008   Code   RO         3226    i._ZN14rosserial_msgs3Log6getMD5Ev  main.o
    0x08003808   0x00000008   Code   RO         3220    i._ZN14rosserial_msgs3Log7getTypeEv  main.o
    0x08003810   0x00000008   Code   RO         3174    i._ZN14rosserial_msgs9TopicInfo6getMD5Ev  main.o
    0x08003818   0x00000008   Code   RO         3168    i._ZN14rosserial_msgs9TopicInfo7getTypeEv  main.o
    0x08003820   0x00000020   Code   RO         3952    i._ZN3ros16normalizeSecNSecERjS0_  time.o
    0x08003840   0x0000003e   Code   RO         3032    i._ZN8std_msgs4Time11deserializeEPh  main.o
    0x0800387e   0x00000002   PAD
    0x08003880   0x00000008   Code   RO         3126    i._ZN8std_msgs4Time6getMD5Ev  main.o
    0x08003888   0x00000008   Code   RO         3120    i._ZN8std_msgs4Time7getTypeEv  main.o
    0x08003890   0x00000010   Code   RO         3052    i._ZN8std_msgs4TimeC1Ev  main.o
    0x080038a0   0x00000008   Code   RO         3150    i._ZN8std_msgs6String6getMD5Ev  main.o
    0x080038a8   0x00000008   Code   RO         3144    i._ZN8std_msgs6String7getTypeEv  main.o
    0x080038b0   0x000000d2   Code   RO         3180    i._ZNK14rosserial_msgs20RequestParamResponse9serializeEPh  main.o
    0x08003982   0x00000028   Code   RO         3208    i._ZNK14rosserial_msgs3Log9serializeEPh  main.o
    0x080039aa   0x00000082   Code   RO         3156    i._ZNK14rosserial_msgs9TopicInfo9serializeEPh  main.o
    0x08003a2c   0x00000032   Code   RO         3114    i._ZNK8std_msgs4Time9serializeEPh  main.o
    0x08003a5e   0x00000024   Code   RO         3132    i._ZNK8std_msgs6String9serializeEPh  main.o
    0x08003a82   0x00000002   PAD
    0x08003a84   0x00000020   Code   RO         3669    i.getch             usbd_cdc_if.o
    0x08003aa4   0x000000d0   Code   RO         2963    i.main              main.o
    0x08003b74   0x000000d0   Code   RO         3038    t._ZN3ros11NodeHandle_I13STM32HardwareLi25ELi25ELi1024ELi1024EE15negotiateTopicsEv  main.o
    0x08003c44   0x00000024   Code   RO         3058    t._ZN3ros11NodeHandle_I13STM32HardwareLi25ELi25ELi1024ELi1024EE15requestSyncTimeEv  main.o
    0x08003c68   0x000000bc   Code   RO         3107    t._ZN3ros11NodeHandle_I13STM32HardwareLi25ELi25ELi1024ELi1024EE7publishEiPKNS_3MsgE  main.o
    0x08003d24   0x00000258   Code   RO         3045    t._ZN3ros11NodeHandle_I13STM32HardwareLi25ELi25ELi1024ELi1024EE8spinOnceEv  main.o
    0x08003f7c   0x00000080   Code   RO         3071    t._ZN3ros11NodeHandle_I13STM32HardwareLi25ELi25ELi1024ELi1024EEC1Ev  main.o
    0x08003ffc   0x0000001a   Code   RO         3065    t._ZN3ros3Msg8arrToVarIjPhEEvRT_T0_  main.o
    0x08004016   0x00000012   Code   RO         3198    t._ZN3ros3Msg8varToArrIPhjEEvT_T0_  main.o
    0x08004028   0x0000000a   Code   RO         4330    x$fpl$fpinit        fz_wm.l(fpinit.o)
    0x08004032   0x00000010   Data   RO         2521    .constdata          system_stm32f4xx.o
    0x08004042   0x0000001c   Data   RO         2971    .constdata          main.o
    0x0800405e   0x00000002   PAD
    0x08004060   0x00000018   Data   RO         3082    .constdata__ZTVN14rosserial_msgs20RequestParamResponseE  main.o
    0x08004078   0x00000018   Data   RO         3205    .constdata__ZTVN14rosserial_msgs3LogE  main.o
    0x08004090   0x00000018   Data   RO         3080    .constdata__ZTVN14rosserial_msgs9TopicInfoE  main.o
    0x080040a8   0x00000014   Data   RO         3086    .constdata__ZTVN3ros11NodeHandle_I13STM32HardwareLi25ELi25ELi1024ELi1024EEE  main.o
    0x080040bc   0x00000018   Data   RO         3078    .constdata__ZTVN8std_msgs4TimeE  main.o
    0x080040d4   0x00000018   Data   RO         3084    .constdata__ZTVN8std_msgs6StringE  main.o
    0x080040ec   0x00000021   Data   RO         3021    .constdata__ZZN14rosserial_msgs20RequestParamResponse6getMD5EvEs  main.o
    0x0800410d   0x00000021   Data   RO         3020    .constdata__ZZN14rosserial_msgs3Log6getMD5EvEs  main.o
    0x0800412e   0x00000013   Data   RO         3019    .constdata__ZZN14rosserial_msgs3Log7getTypeEvEs  main.o
    0x08004141   0x00000021   Data   RO         3017    .constdata__ZZN14rosserial_msgs9TopicInfo6getMD5EvEs  main.o
    0x08004162   0x00000019   Data   RO         3016    .constdata__ZZN14rosserial_msgs9TopicInfo7getTypeEvEs  main.o
    0x0800417b   0x00000001   Data   RO         3015    .constdata__ZZN14rosserial_msgs9TopicInfoC1EvEs  main.o
    0x0800417c   0x00000039   Data   RO         3025    .constdata__ZZN3ros11NodeHandle_I13STM32HardwareLi25ELi25ELi1024ELi1024EE7publishEiPKNS_3MsgEEs  main.o
    0x080041b5   0x00000021   Data   RO         3014    .constdata__ZZN8std_msgs4Time6getMD5EvEs  main.o
    0x080041d6   0x0000000e   Data   RO         3013    .constdata__ZZN8std_msgs4Time7getTypeEvEs  main.o
    0x080041e4   0x00000021   Data   RO         3024    .constdata__ZZN8std_msgs6String6getMD5EvEs  main.o
    0x08004205   0x00000010   Data   RO         3023    .constdata__ZZN8std_msgs6String7getTypeEvEs  main.o
    0x08004215   0x00000001   Data   RO         3022    .constdata__ZZN8std_msgs6StringC1EvEs  main.o
    0x08004216   0x00000002   PAD
    0x08004218   0x00000020   Data   RO         4429    Region$$Table       anon$$obj.o


    Execution Region RW_IRAM1 (Base: 0x20000000, Size: 0x00010668, Max: 0x00020000, ABSOLUTE, COMPRESSED[0x000000c4])

    Base Addr    Size         Type   Attr      Idx    E Section Name        Object

    0x20000000   0x00000004   Data   RW         1257    .data               stm32f4xx_hal.o
    0x20000004   0x00000004   Data   RW         2523    .data               system_stm32f4xx.o
    0x20000008   0x00000001   Data   RW         2572    .data               usbd_ctlreq.o
    0x20000009   0x00000003   PAD
    0x2000000c   0x000000db   Data   RW         2665    .data               usbd_cdc.o
    0x200000e7   0x00000001   PAD
    0x200000e8   0x00000038   Data   RW         2666    .data               usbd_cdc.o
    0x20000120   0x00000010   Data   RW         3671    .data               usbd_cdc_if.o
    0x20000130   0x00000010   Data   RW         3672    .data               usbd_cdc_if.o
    0x20000140   0x00000008   Data   RW         3815    .data               stm32f4xx_it.o
    0x20000148   0x0000001c   Data   RW         3858    .data               usbd_desc.o
    0x20000164   0x00000016   Data   RW         3859    .data               usbd_desc.o
    0x2000017a   0x00000002   PAD
    0x2000017c   0x00000078   Zero   RW         2970    .bss                main.o
    0x200001f4   0x000003f0   Zero   RW         3502    .bss                usbd_conf.o
    0x200005e4   0x00000800   Zero   RW         3670    .bss                usbd_cdc_if.o
    0x20000de4   0x00000224   Zero   RW         3732    .bss                usb_device.o
    0x20001008   0x00000200   Zero   RW         3857    .bss                usbd_desc.o
    0x20001208   0x00000060   Zero   RW         4283    .bss                c_w.l(libspace.o)
    0x20001268   0x0000f000   Zero   RW         2555    HEAP                startup_stm32f407xx.o
    0x20010268   0x00000400   Zero   RW         2554    STACK               startup_stm32f407xx.o


==============================================================================

Image component sizes


      Code (inc. data)   RO Data    RW Data    ZI Data      Debug   Object Name

         0          0          0          0          0       1232   duration.o
      3098        188        466          0        120     706700   main.o
        64         26        392          0      62464        804   startup_stm32f407xx.o
       148         22          0          4          0       4367   stm32f4xx_hal.o
       228         14          0          0          0      32037   stm32f4xx_hal_cortex.o
       458         46          0          0          0       2512   stm32f4xx_hal_gpio.o
       224         28          0          0          0       2075   stm32f4xx_hal_msp.o
      2140         72          0          0          0     684349   stm32f4xx_hal_pcd.o
        76          0          0          0          0       1860   stm32f4xx_hal_pcd_ex.o
      1284         52          0          0          0       4562   stm32f4xx_hal_rcc.o
       676         52          0          0          0       7173   stm32f4xx_hal_tim.o
        80          0          0          0          0       1276   stm32f4xx_hal_tim_ex.o
        48         12          0          8          0       1163   stm32f4xx_it.o
      2414         58          0          0          0      20304   stm32f4xx_ll_usb.o
        84         18         16          4          0       1135   system_stm32f4xx.o
        32          4          0          0          0        915   time.o
        56         18          0          0        548        704   usb_device.o
       590         22          0        275          0      13030   usbd_cdc.o
       236         38          0         32       2048       5747   usbd_cdc_if.o
       726         38          0          0       1008      14274   usbd_conf.o
       626          0          0          0          0      12081   usbd_core.o
       986         30          0          1          0      12352   usbd_ctlreq.o
       212        116          0         50        512       5147   usbd_desc.o
       132          0          0          0          0       4452   usbd_ioreq.o

    ----------------------------------------------------------------------
     14636        854        910        380      66700    1540251   Object Totals
         0          0         32          0          0          0   (incl. Generated)
        18          0          4          6          0          0   (incl. Padding)

    ----------------------------------------------------------------------

      Code (inc. data)   RO Data    RW Data    ZI Data      Debug   Library Member Name

        90          0          0          0          0          0   __dczerorl2.o
         8          0          0          0          0         68   __main.o
         0          0          0          0          0          0   __rtentry.o
        12          0          0          0          0          0   __rtentry2.o
         6          0          0          0          0          0   __rtentry4.o
        52          8          0          0          0          0   __scatter.o
        28          0          0          0          0          0   __scatter_zi.o
        10          0          0          0          0         68   defsig_exit.o
        50          0          0          0          0         88   defsig_general.o
        80         58          0          0          0         76   defsig_rtmem_inner.o
        14          0          0          0          0         80   defsig_rtmem_outer.o
        18          0          0          0          0         80   exit.o
        94          0          0          0          0         80   h1_alloc.o
        52          0          0          0          0         68   h1_extend.o
        78          0          0          0          0         80   h1_free.o
        14          0          0          0          0         84   h1_init.o
       184          0          0          0          0         92   h1_realloc.o
         6          0          0          0          0        152   heapauxi.o
         4          0          0          0          0        136   hguard.o
         0          0          0          0          0          0   indicate_semi.o
       138          0          0          0          0        168   init_alloc.o
         2          0          0          0          0          0   libinit.o
        14          0          0          0          0          0   libinit2.o
         2          0          0          0          0          0   libshutdown.o
         2          0          0          0          0          0   libshutdown2.o
         8          4          0          0         96         68   libspace.o
         0          0          0          0          0          0   maybetermalloc1.o
         8          4          0          0          0         68   rt_heap_descriptor_intlibspace.o
       138          0          0          0          0         68   rt_memcpy_v6.o
       100          0          0          0          0         80   rt_memcpy_w.o
         2          0          0          0          0          0   rtexit.o
        10          0          0          0          0          0   rtexit2.o
        62          0          0          0          0         76   strlen.o
        12          4          0          0          0         68   sys_exit.o
        74          0          0          0          0         80   sys_stackheap_outer.o
        14          0          0          0          0         76   sys_wrch.o
         2          0          0          0          0         68   use_no_semi.o
        10          0          0          0          0        116   fpinit.o

    ----------------------------------------------------------------------
      1406         78          0          0         96       2088   Library Totals
         8          0          0          0          0          0   (incl. Padding)

    ----------------------------------------------------------------------

      Code (inc. data)   RO Data    RW Data    ZI Data      Debug   Library Name

      1388         78          0          0         96       1972   c_w.l
        10          0          0          0          0        116   fz_wm.l

    ----------------------------------------------------------------------
      1406         78          0          0         96       2088   Library Totals

    ----------------------------------------------------------------------

==============================================================================


      Code (inc. data)   RO Data    RW Data    ZI Data      Debug   

     16042        932        910        380      66796    1522899   Grand Totals
     16042        932        910        196      66796    1522899   ELF Image Totals (compressed)
     16042        932        910        196          0          0   ROM Totals

==============================================================================

    Total RO  Size (Code + RO Data)                16952 (  16.55kB)
    Total RW  Size (RW Data + ZI Data)             67176 (  65.60kB)
    Total ROM Size (Code + RO Data + RW Data)      17148 (  16.75kB)

==============================================================================

